set -o pipefail; /usr/bin/mariadb-dump --user=_d652df975b7b000b --host=127.0.0.1 --port=3306 --password=********** --single-transaction --quick --lock-tables=false _d652df975b7b000b | /usr/bin/gzip >> ./practice.localhost/private/backups/20260806_120002-practice_localhost-database.sql.gz

Backup Summary for practice.localhost at 2026-08-06 12:00:03.539252
Config  : /home/arivu/frappe-v16-bench/sites/practice.localhost/private/backups/20260806_120002-practice_localhost-site_config_backup.json 163.0B
Database: /home/arivu/frappe-v16-bench/sites/practice.localhost/private/backups/20260806_120002-practice_localhost-database.sql.gz 246.4KiB
Backup for Site practice.localhost has been successfully completed
set -o pipefail; /usr/bin/mariadb-dump --user=_d652df975b7b000b --host=127.0.0.1 --port=3306 --password=********** --single-transaction --quick --lock-tables=false _d652df975b7b000b | /usr/bin/gzip >> ./practice.localhost/private/backups/20260807_120003-practice_localhost-database.sql.gz

Backup Summary for practice.localhost at 2026-08-07 12:00:04.849177
Config  : /home/arivu/frappe-v16-bench/sites/practice.localhost/private/backups/20260807_120003-practice_localhost-site_config_backup.json 187.0B
Database: /home/arivu/frappe-v16-bench/sites/practice.localhost/private/backups/20260807_120003-practice_localhost-database.sql.gz 258.6KiB
Backup for Site practice.localhost has been successfully completed
set -o pipefail; /usr/bin/mariadb-dump --user=_d652df975b7b000b --host=127.0.0.1 --port=3306 --password=********** --single-transaction --quick --lock-tables=false _d652df975b7b000b | /usr/bin/gzip >> ./practice.localhost/private/backups/20260810_120001-practice_localhost-database.sql.gz

b'mariadb-dump: Got error: 2026: "TLS/SSL error: certificate is not yet valid" when trying to connect\n'
Backup failed for Site practice.localhost. Database or site_config.json may be corrupted
Traceback with variables (most recent call last):
  File "apps/frappe/frappe/commands/site.py", line 881, in backup
    odb = scheduled_backup(
      context = CliCtxObj(force=False, profile=False, sites=['practice.localhost'], verbose=True)
      with_files = False
      backup_path = None
      backup_path_db = None
      backup_path_files = None
      backup_path_private_files = None
      backup_path_conf = None
      ignore_backup_conf = False
      verbose = True
      compress = False
      include = ''
      exclude = ''
      old_backup_metadata = False
      scheduled_backup = <function scheduled_backup at 0x70e2ac4171c0>
      exit_code = 0
      rollback_callback = None
      site = 'practice.localhost'
  File "apps/frappe/frappe/utils/backups.py", line 589, in scheduled_backup
    return new_backup(
      older_than = 6
      ignore_files = True
      backup_path = None
      backup_path_db = None
      backup_path_files = None
      backup_path_private_files = None
      backup_path_conf = None
      ignore_conf = False
      include_doctypes = ''
      exclude_doctypes = ''
      compress = False
      force = True
      verbose = True
      old_backup_metadata = False
      rollback_callback = frappe.utils.CallbackManager()
  File "apps/frappe/frappe/utils/backups.py", line 647, in new_backup
    odb.get_backup(older_than, ignore_files, force=force)
      older_than = 6
      ignore_files = True
      backup_path = None
      backup_path_db = None
      backup_path_files = None
      backup_path_private_files = None
      backup_path_conf = None
      ignore_conf = False
      include_doctypes = ''
      exclude_doctypes = ''
      compress = False
      force = True
      verbose = True
      old_backup_metadata = False
      rollback_callback = frappe.utils.CallbackManager()
      odb = frappe.utils.backups.BackupGenerator(backup_excludes=[], backup_includes=[], backup_path=None, backup_path_conf='./practice.localhost/private/backups/20260810_120001-practice_localhost-site_config_backup.json', backup_path_db='./practice.localhost/private/backups/20260810_120001-practice_localhost-database.sql.gz', backup_path_files='./practice.localhost/private/backups/20260810_120001-practice_localhost-files.tar', backup_path_private_files='./practice.localhost/private/backups/20260810_120001-practice_localhost-private-files.tar', compress_files=False, db_host='127.0.0.1', db_name='_d652df975b7b000b', db_port=3306, db_socket=None, db_type='mariadb', exclude_doctypes='', ignore_conf=False, include_doctypes='', old_backup_metadata=False, partial=[], password='cygyTK9ttzkIm9Bt', rollback_callback=frappe.utils.CallbackManager(-), site_slug='practice_localhost', todays_date='20260810_120001', user='_d652df975b7b000b', verbose=True)
  File "apps/frappe/frappe/utils/backups.py", line 191, in get_backup
    self.delete_if_step_fails(self.take_dump, self.backup_path_db)
      self = frappe.utils.backups.BackupGenerator(backup_excludes=[], backup_includes=[], backup_path=None, backup_path_conf='./practice.localhost/private/backups/20260810_120001-practice_localhost-site_config_backup.json', backup_path_db='./practice.localhost/private/backups/20260810_120001-practice_localhost-database.sql.gz', backup_path_files='./practice.localhost/private/backups/20260810_120001-practice_localhost-files.tar', backup_path_private_files='./practice.localhost/private/backups/20260810_120001-practice_localhost-private-files.tar', compress_files=False, db_host='127.0.0.1', db_name='_d652df975b7b000b', db_port=3306, db_socket=None, db_type='mariadb', exclude_doctypes='', ignore_conf=False, include_doctypes='', old_backup_metadata=False, partial=[], password='cygyTK9ttzkIm9Bt', rollback_callback=frappe.utils.CallbackManager(-), site_slug='practice_localhost', todays_date='20260810_120001', user='_d652df975b7b000b', verbose=True)
      older_than = 6
      ignore_files = True
      force = True
      last_db = False
      last_file = False
      last_private_file = False
      site_config_backup_path = False
  File "apps/frappe/frappe/utils/backups.py", line 528, in delete_if_step_fails
    raise e
      self = frappe.utils.backups.BackupGenerator(backup_excludes=[], backup_includes=[], backup_path=None, backup_path_conf='./practice.localhost/private/backups/20260810_120001-practice_localhost-site_config_backup.json', backup_path_db='./practice.localhost/private/backups/20260810_120001-practice_localhost-database.sql.gz', backup_path_files='./practice.localhost/private/backups/20260810_120001-practice_localhost-files.tar', backup_path_private_files='./practice.localhost/private/backups/20260810_120001-practice_localhost-private-files.tar', compress_files=False, db_host='127.0.0.1', db_name='_d652df975b7b000b', db_port=3306, db_socket=None, db_type='mariadb', exclude_doctypes='', ignore_conf=False, include_doctypes='', old_backup_metadata=False, partial=[], password='cygyTK9ttzkIm9Bt', rollback_callback=frappe.utils.CallbackManager(-), site_slug='practice_localhost', todays_date='20260810_120001', user='_d652df975b7b000b', verbose=True)
      step = <bound method BackupGenerator.take_dump of <frappe.utils.backups.BackupGenerator object at 0x70e2ab559a90>>
      paths = ('./practice.localhost/private/backups/20260810_120001-practice_localhost-database.sql.gz')
      path = './practice.localhost/private/backups/20260810_120001-practice_localhost-database.sql.gz'
  File "apps/frappe/frappe/utils/backups.py", line 523, in delete_if_step_fails
    step()
      self = frappe.utils.backups.BackupGenerator(backup_excludes=[], backup_includes=[], backup_path=None, backup_path_conf='./practice.localhost/private/backups/20260810_120001-practice_localhost-site_config_backup.json', backup_path_db='./practice.localhost/private/backups/20260810_120001-practice_localhost-database.sql.gz', backup_path_files='./practice.localhost/private/backups/20260810_120001-practice_localhost-files.tar', backup_path_private_files='./practice.localhost/private/backups/20260810_120001-practice_localhost-private-files.tar', compress_files=False, db_host='127.0.0.1', db_name='_d652df975b7b000b', db_port=3306, db_socket=None, db_type='mariadb', exclude_doctypes='', ignore_conf=False, include_doctypes='', old_backup_metadata=False, partial=[], password='cygyTK9ttzkIm9Bt', rollback_callback=frappe.utils.CallbackManager(-), site_slug='practice_localhost', todays_date='20260810_120001', user='_d652df975b7b000b', verbose=True)
      step = <bound method BackupGenerator.take_dump of <frappe.utils.backups.BackupGenerator object at 0x70e2ab559a90>>
      paths = ('./practice.localhost/private/backups/20260810_120001-practice_localhost-database.sql.gz')
      path = './practice.localhost/private/backups/20260810_120001-practice_localhost-database.sql.gz'
  File "apps/frappe/frappe/utils/backups.py", line 476, in take_dump
    frappe.utils.execute_in_shell(command, low_priority=True, check_exit_code=True)
      self = frappe.utils.backups.BackupGenerator(backup_excludes=[], backup_includes=[], backup_path=None, backup_path_conf='./practice.localhost/private/backups/20260810_120001-practice_localhost-site_config_backup.json', backup_path_db='./practice.localhost/private/backups/20260810_120001-practice_localhost-database.sql.gz', backup_path_files='./practice.localhost/private/backups/20260810_120001-practice_localhost-files.tar', backup_path_private_files='./practice.localhost/private/backups/20260810_120001-practice_localhost-private-files.tar', compress_files=False, db_host='127.0.0.1', db_name='_d652df975b7b000b', db_port=3306, db_socket=None, db_type='mariadb', exclude_doctypes='', ignore_conf=False, include_doctypes='', old_backup_metadata=False, partial=[], password='cygyTK9ttzkIm9Bt', rollback_callback=frappe.utils.CallbackManager(-), site_slug='practice_localhost', todays_date='20260810_120001', user='_d652df975b7b000b', verbose=True)
      frappe = <module 'frappe' from 'apps/frappe/frappe/__init__.py'>
      command = 'set -o pipefail; /usr/bin/mariadb-dump --user=_d652df975b7b000b --host=127.0.0.1 --port=3306 --password=cygyTK9ttzkIm9Bt --single-transaction --quick --lock-tables=false _d652df975b7b000b | /usr/bin/gzip >> ./practice.localhost/private/backups/20260810_120001-practice_localhost-database.sql.gz'
      shlex = <module 'shlex' from '/usr/lib/python3.14/shlex.py'>
      get_app_branch = <function get_app_branch at 0x70e2ab5e8f60>
      gzip_exc = '/usr/bin/gzip'
      database_header_content = ['begin frappe metadata', '[frappe]', 'version = 16.30.0', 'branch = version-16', 'end frappe metadata', '']
      generated_header = '-- begin frappe metadata
      -- [frappe]
      -- version = 16.30.0
      -- branch = version-16
      -- end frappe metadata
      -- 
      '
      f = <_io.TextIOWrapper name='./practice.localhost/private/backups/20260810_120001-practice_localhost-database.sql.gz' encoding='UTF-8'>
      cmd = ['/usr/bin/mariadb-dump', '--user=_d652df975b7b000b --host=127.0.0.1 --port=3306 --password=cygyTK9ttzkIm9Bt --single-transaction --quick --lock-tables=false _d652df975b7b000b']
      extra = []
      get_command = <function get_command at 0x70e2ac57ee50>
      bin = '/usr/bin/mariadb-dump'
      args = ['--user=_d652df975b7b000b', '--host=127.0.0.1', '--port=3306', '--password=cygyTK9ttzkIm9Bt', '--single-transaction', '--quick', '--lock-tables=false', '_d652df975b7b000b']
      bin_name = 'mariadb-dump'
  File "apps/frappe/frappe/utils/__init__.py", line 497, in execute_in_shell
    raise frappe.CommandFailedError(
      cmd = 'set -o pipefail; /usr/bin/mariadb-dump --user=_d652df975b7b000b --host=127.0.0.1 --port=3306 --password=cygyTK9ttzkIm9Bt --single-transaction --quick --lock-tables=false _d652df975b7b000b | /usr/bin/gzip >> ./practice.localhost/private/backups/20260810_120001-practice_localhost-database.sql.gz'
      verbose = False
      low_priority = True
      check_exit_code = True
      shlex = <module 'shlex' from '/usr/lib/python3.14/shlex.py'>
      tempfile = <module 'tempfile' from '/usr/lib/python3.14/tempfile.py'>
      Popen = subprocess.Popen
      stdout = <_io.BufferedRandom name=9>
      stderr = <_io.BufferedRandom name=10>
      kwargs = <exception while printing> Traceback (most recent call last):
          ...traceback_with_variables internal stacks...
          File "apps/frappe/frappe/utils/__init__.py", line 353, in dict_printer
            v = deepcopy(v)
          File "/usr/lib/python3.14/copy.py", line 131, in deepcopy
            y = copier(x, memo)
          File "/usr/lib/python3.14/copy.py", line 202, in _deepcopy_dict
            y[deepcopy(key, memo)] = deepcopy(value, memo)
                                     ~~~~~~~~^^^^^^^^^^^^^
          File "/usr/lib/python3.14/copy.py", line 146, in deepcopy
            rv = reductor(4)
        TypeError: cannot pickle 'BufferedRandom' instances
        
      p = <Popen: returncode: 2 args: 'set -o pipefail; /usr/bin/mariadb-dump --user=_...>
      exit_code = 2
      out = b''
      err = b'mariadb-dump: Got error: 2026: "TLS/SSL error: certificate is not yet valid" when trying to connect\n'
      failed = 2
frappe.exceptions.CommandFailedError: Command failed
set -o pipefail; /usr/bin/mariadb-dump --user=_d652df975b7b000b --host=127.0.0.1 --port=3306 --password=********** --single-transaction --quick --lock-tables=false _d652df975b7b000b | /usr/bin/gzip >> ./practice.localhost/private/backups/20260811_120003-practice_localhost-database.sql.gz

Backup Summary for practice.localhost at 2026-08-11 12:00:04.486986
Config  : /home/arivu/frappe-v16-bench/sites/practice.localhost/private/backups/20260811_120003-practice_localhost-site_config_backup.json 187.0B
Database: /home/arivu/frappe-v16-bench/sites/practice.localhost/private/backups/20260811_120003-practice_localhost-database.sql.gz 267.2KiB
Backup for Site practice.localhost has been successfully completed
set -o pipefail; /usr/bin/mariadb-dump --user=_d652df975b7b000b --host=127.0.0.1 --port=3306 --password=********** --single-transaction --quick --lock-tables=false _d652df975b7b000b | /usr/bin/gzip >> ./practice.localhost/private/backups/20260813_120001-practice_localhost-database.sql.gz

Backup Summary for practice.localhost at 2026-08-13 12:00:01.908591
Config  : /home/arivu/frappe-v16-bench/sites/practice.localhost/private/backups/20260813_120001-practice_localhost-site_config_backup.json 187.0B
Database: /home/arivu/frappe-v16-bench/sites/practice.localhost/private/backups/20260813_120001-practice_localhost-database.sql.gz 270.3KiB
Backup for Site practice.localhost has been successfully completed
set -o pipefail; /usr/bin/mariadb-dump --user=_d652df975b7b000b --host=127.0.0.1 --port=3306 --password=********** --single-transaction --quick --lock-tables=false _d652df975b7b000b | /usr/bin/gzip >> ./practice.localhost/private/backups/20260814_120002-practice_localhost-database.sql.gz

b'mariadb-dump: Got error: 2026: "TLS/SSL error: certificate is not yet valid" when trying to connect\n'
Backup failed for Site practice.localhost. Database or site_config.json may be corrupted
Traceback with variables (most recent call last):
  File "apps/frappe/frappe/commands/site.py", line 881, in backup
    odb = scheduled_backup(
      context = CliCtxObj(force=False, profile=False, sites=['practice.localhost'], verbose=True)
      with_files = False
      backup_path = None
      backup_path_db = None
      backup_path_files = None
      backup_path_private_files = None
      backup_path_conf = None
      ignore_backup_conf = False
      verbose = True
      compress = False
      include = ''
      exclude = ''
      old_backup_metadata = False
      scheduled_backup = <function scheduled_backup at 0x7fd7121b31c0>
      exit_code = 0
      rollback_callback = None
      site = 'practice.localhost'
  File "apps/frappe/frappe/utils/backups.py", line 589, in scheduled_backup
    return new_backup(
      older_than = 6
      ignore_files = True
      backup_path = None
      backup_path_db = None
      backup_path_files = None
      backup_path_private_files = None
      backup_path_conf = None
      ignore_conf = False
      include_doctypes = ''
      exclude_doctypes = ''
      compress = False
      force = True
      verbose = True
      old_backup_metadata = False
      rollback_callback = frappe.utils.CallbackManager()
  File "apps/frappe/frappe/utils/backups.py", line 647, in new_backup
    odb.get_backup(older_than, ignore_files, force=force)
      older_than = 6
      ignore_files = True
      backup_path = None
      backup_path_db = None
      backup_path_files = None
      backup_path_private_files = None
      backup_path_conf = None
      ignore_conf = False
      include_doctypes = ''
      exclude_doctypes = ''
      compress = False
      force = True
      verbose = True
      old_backup_metadata = False
      rollback_callback = frappe.utils.CallbackManager()
      odb = frappe.utils.backups.BackupGenerator(backup_excludes=[], backup_includes=[], backup_path=None, backup_path_conf='./practice.localhost/private/backups/20260814_120002-practice_localhost-site_config_backup.json', backup_path_db='./practice.localhost/private/backups/20260814_120002-practice_localhost-database.sql.gz', backup_path_files='./practice.localhost/private/backups/20260814_120002-practice_localhost-files.tar', backup_path_private_files='./practice.localhost/private/backups/20260814_120002-practice_localhost-private-files.tar', compress_files=False, db_host='127.0.0.1', db_name='_d652df975b7b000b', db_port=3306, db_socket=None, db_type='mariadb', exclude_doctypes='', ignore_conf=False, include_doctypes='', old_backup_metadata=False, partial=[], password='cygyTK9ttzkIm9Bt', rollback_callback=frappe.utils.CallbackManager(-), site_slug='practice_localhost', todays_date='20260814_120002', user='_d652df975b7b000b', verbose=True)
  File "apps/frappe/frappe/utils/backups.py", line 191, in get_backup
    self.delete_if_step_fails(self.take_dump, self.backup_path_db)
      self = frappe.utils.backups.BackupGenerator(backup_excludes=[], backup_includes=[], backup_path=None, backup_path_conf='./practice.localhost/private/backups/20260814_120002-practice_localhost-site_config_backup.json', backup_path_db='./practice.localhost/private/backups/20260814_120002-practice_localhost-database.sql.gz', backup_path_files='./practice.localhost/private/backups/20260814_120002-practice_localhost-files.tar', backup_path_private_files='./practice.localhost/private/backups/20260814_120002-practice_localhost-private-files.tar', compress_files=False, db_host='127.0.0.1', db_name='_d652df975b7b000b', db_port=3306, db_socket=None, db_type='mariadb', exclude_doctypes='', ignore_conf=False, include_doctypes='', old_backup_metadata=False, partial=[], password='cygyTK9ttzkIm9Bt', rollback_callback=frappe.utils.CallbackManager(-), site_slug='practice_localhost', todays_date='20260814_120002', user='_d652df975b7b000b', verbose=True)
      older_than = 6
      ignore_files = True
      force = True
      last_db = False
      last_file = False
      last_private_file = False
      site_config_backup_path = False
  File "apps/frappe/frappe/utils/backups.py", line 528, in delete_if_step_fails
    raise e
      self = frappe.utils.backups.BackupGenerator(backup_excludes=[], backup_includes=[], backup_path=None, backup_path_conf='./practice.localhost/private/backups/20260814_120002-practice_localhost-site_config_backup.json', backup_path_db='./practice.localhost/private/backups/20260814_120002-practice_localhost-database.sql.gz', backup_path_files='./practice.localhost/private/backups/20260814_120002-practice_localhost-files.tar', backup_path_private_files='./practice.localhost/private/backups/20260814_120002-practice_localhost-private-files.tar', compress_files=False, db_host='127.0.0.1', db_name='_d652df975b7b000b', db_port=3306, db_socket=None, db_type='mariadb', exclude_doctypes='', ignore_conf=False, include_doctypes='', old_backup_metadata=False, partial=[], password='cygyTK9ttzkIm9Bt', rollback_callback=frappe.utils.CallbackManager(-), site_slug='practice_localhost', todays_date='20260814_120002', user='_d652df975b7b000b', verbose=True)
      step = <bound method BackupGenerator.take_dump of <frappe.utils.backups.BackupGenerator object at 0x7fd711271a90>>
      paths = ('./practice.localhost/private/backups/20260814_120002-practice_localhost-database.sql.gz')
      path = './practice.localhost/private/backups/20260814_120002-practice_localhost-database.sql.gz'
  File "apps/frappe/frappe/utils/backups.py", line 523, in delete_if_step_fails
    step()
      self = frappe.utils.backups.BackupGenerator(backup_excludes=[], backup_includes=[], backup_path=None, backup_path_conf='./practice.localhost/private/backups/20260814_120002-practice_localhost-site_config_backup.json', backup_path_db='./practice.localhost/private/backups/20260814_120002-practice_localhost-database.sql.gz', backup_path_files='./practice.localhost/private/backups/20260814_120002-practice_localhost-files.tar', backup_path_private_files='./practice.localhost/private/backups/20260814_120002-practice_localhost-private-files.tar', compress_files=False, db_host='127.0.0.1', db_name='_d652df975b7b000b', db_port=3306, db_socket=None, db_type='mariadb', exclude_doctypes='', ignore_conf=False, include_doctypes='', old_backup_metadata=False, partial=[], password='cygyTK9ttzkIm9Bt', rollback_callback=frappe.utils.CallbackManager(-), site_slug='practice_localhost', todays_date='20260814_120002', user='_d652df975b7b000b', verbose=True)
      step = <bound method BackupGenerator.take_dump of <frappe.utils.backups.BackupGenerator object at 0x7fd711271a90>>
      paths = ('./practice.localhost/private/backups/20260814_120002-practice_localhost-database.sql.gz')
      path = './practice.localhost/private/backups/20260814_120002-practice_localhost-database.sql.gz'
  File "apps/frappe/frappe/utils/backups.py", line 476, in take_dump
    frappe.utils.execute_in_shell(command, low_priority=True, check_exit_code=True)
      self = frappe.utils.backups.BackupGenerator(backup_excludes=[], backup_includes=[], backup_path=None, backup_path_conf='./practice.localhost/private/backups/20260814_120002-practice_localhost-site_config_backup.json', backup_path_db='./practice.localhost/private/backups/20260814_120002-practice_localhost-database.sql.gz', backup_path_files='./practice.localhost/private/backups/20260814_120002-practice_localhost-files.tar', backup_path_private_files='./practice.localhost/private/backups/20260814_120002-practice_localhost-private-files.tar', compress_files=False, db_host='127.0.0.1', db_name='_d652df975b7b000b', db_port=3306, db_socket=None, db_type='mariadb', exclude_doctypes='', ignore_conf=False, include_doctypes='', old_backup_metadata=False, partial=[], password='cygyTK9ttzkIm9Bt', rollback_callback=frappe.utils.CallbackManager(-), site_slug='practice_localhost', todays_date='20260814_120002', user='_d652df975b7b000b', verbose=True)
      frappe = <module 'frappe' from 'apps/frappe/frappe/__init__.py'>
      command = 'set -o pipefail; /usr/bin/mariadb-dump --user=_d652df975b7b000b --host=127.0.0.1 --port=3306 --password=cygyTK9ttzkIm9Bt --single-transaction --quick --lock-tables=false _d652df975b7b000b | /usr/bin/gzip >> ./practice.localhost/private/backups/20260814_120002-practice_localhost-database.sql.gz'
      shlex = <module 'shlex' from '/usr/lib/python3.14/shlex.py'>
      get_app_branch = <function get_app_branch at 0x7fd710900f60>
      gzip_exc = '/usr/bin/gzip'
      database_header_content = ['begin frappe metadata', '[frappe]', 'version = 16.30.0', 'branch = version-16', 'end frappe metadata', '']
      generated_header = '-- begin frappe metadata
      -- [frappe]
      -- version = 16.30.0
      -- branch = version-16
      -- end frappe metadata
      -- 
      '
      f = <_io.TextIOWrapper name='./practice.localhost/private/backups/20260814_120002-practice_localhost-database.sql.gz' encoding='UTF-8'>
      cmd = ['/usr/bin/mariadb-dump', '--user=_d652df975b7b000b --host=127.0.0.1 --port=3306 --password=cygyTK9ttzkIm9Bt --single-transaction --quick --lock-tables=false _d652df975b7b000b']
      extra = []
      get_command = <function get_command at 0x7fd7124aae50>
      bin = '/usr/bin/mariadb-dump'
      args = ['--user=_d652df975b7b000b', '--host=127.0.0.1', '--port=3306', '--password=cygyTK9ttzkIm9Bt', '--single-transaction', '--quick', '--lock-tables=false', '_d652df975b7b000b']
      bin_name = 'mariadb-dump'
  File "apps/frappe/frappe/utils/__init__.py", line 497, in execute_in_shell
    raise frappe.CommandFailedError(
      cmd = 'set -o pipefail; /usr/bin/mariadb-dump --user=_d652df975b7b000b --host=127.0.0.1 --port=3306 --password=cygyTK9ttzkIm9Bt --single-transaction --quick --lock-tables=false _d652df975b7b000b | /usr/bin/gzip >> ./practice.localhost/private/backups/20260814_120002-practice_localhost-database.sql.gz'
      verbose = False
      low_priority = True
      check_exit_code = True
      shlex = <module 'shlex' from '/usr/lib/python3.14/shlex.py'>
      tempfile = <module 'tempfile' from '/usr/lib/python3.14/tempfile.py'>
      Popen = subprocess.Popen
      stdout = <_io.BufferedRandom name=9>
      stderr = <_io.BufferedRandom name=10>
      kwargs = <exception while printing> Traceback (most recent call last):
          ...traceback_with_variables internal stacks...
          File "apps/frappe/frappe/utils/__init__.py", line 353, in dict_printer
            v = deepcopy(v)
          File "/usr/lib/python3.14/copy.py", line 131, in deepcopy
            y = copier(x, memo)
          File "/usr/lib/python3.14/copy.py", line 202, in _deepcopy_dict
            y[deepcopy(key, memo)] = deepcopy(value, memo)
                                     ~~~~~~~~^^^^^^^^^^^^^
          File "/usr/lib/python3.14/copy.py", line 146, in deepcopy
            rv = reductor(4)
        TypeError: cannot pickle 'BufferedRandom' instances
        
      p = <Popen: returncode: 2 args: 'set -o pipefail; /usr/bin/mariadb-dump --user=_...>
      exit_code = 2
      out = b''
      err = b'mariadb-dump: Got error: 2026: "TLS/SSL error: certificate is not yet valid" when trying to connect\n'
      failed = 2
frappe.exceptions.CommandFailedError: Command failed
set -o pipefail; /usr/bin/mariadb-dump --user=_d652df975b7b000b --host=127.0.0.1 --port=3306 --password=********** --single-transaction --quick --lock-tables=false _d652df975b7b000b | /usr/bin/gzip >> ./practice.localhost/private/backups/20260817_120002-practice_localhost-database.sql.gz

Backup Summary for practice.localhost at 2026-08-17 12:00:03.977670
Config  : /home/arivu/frappe-v16-bench/sites/practice.localhost/private/backups/20260817_120002-practice_localhost-site_config_backup.json 187.0B
Database: /home/arivu/frappe-v16-bench/sites/practice.localhost/private/backups/20260817_120002-practice_localhost-database.sql.gz 278.5KiB
Backup for Site practice.localhost has been successfully completed
set -o pipefail; /usr/bin/mariadb-dump --user=_d652df975b7b000b --host=127.0.0.1 --port=3306 --password=********** --single-transaction --quick --lock-tables=false _d652df975b7b000b | /usr/bin/gzip >> ./practice.localhost/private/backups/20260818_120002-practice_localhost-database.sql.gz

Backup Summary for practice.localhost at 2026-08-18 12:00:02.702173
Config  : /home/arivu/frappe-v16-bench/sites/practice.localhost/private/backups/20260818_120002-practice_localhost-site_config_backup.json 211.0B
Database: /home/arivu/frappe-v16-bench/sites/practice.localhost/private/backups/20260818_120002-practice_localhost-database.sql.gz 282.3KiB
Backup for Site practice.localhost has been successfully completed
set -o pipefail; /usr/bin/mariadb-dump --user=_d652df975b7b000b --host=127.0.0.1 --port=3306 --password=********** --single-transaction --quick --lock-tables=false _d652df975b7b000b | /usr/bin/gzip >> ./practice.localhost/private/backups/20260818_180002-practice_localhost-database.sql.gz

Backup Summary for practice.localhost at 2026-08-18 18:00:03.328874
Config  : /home/arivu/frappe-v16-bench/sites/practice.localhost/private/backups/20260818_180002-practice_localhost-site_config_backup.json 211.0B
Database: /home/arivu/frappe-v16-bench/sites/practice.localhost/private/backups/20260818_180002-practice_localhost-database.sql.gz 402.2KiB
Backup for Site practice.localhost has been successfully completed
set -o pipefail; /usr/bin/mariadb-dump --user=_d652df975b7b000b --host=127.0.0.1 --port=3306 --password=********** --single-transaction --quick --lock-tables=false _d652df975b7b000b | /usr/bin/gzip >> ./practice.localhost/private/backups/20260819_120002-practice_localhost-database.sql.gz

Backup Summary for practice.localhost at 2026-08-19 12:00:03.686220
Config  : /home/arivu/frappe-v16-bench/sites/practice.localhost/private/backups/20260819_120002-practice_localhost-site_config_backup.json 211.0B
Database: /home/arivu/frappe-v16-bench/sites/practice.localhost/private/backups/20260819_120002-practice_localhost-database.sql.gz 405.4KiB
Backup for Site practice.localhost has been successfully completed
set -o pipefail; /usr/bin/mariadb-dump --user=_d652df975b7b000b --host=127.0.0.1 --port=3306 --password=********** --single-transaction --quick --lock-tables=false _d652df975b7b000b | /usr/bin/gzip >> ./practice.localhost/private/backups/20260820_120001-practice_localhost-database.sql.gz

Backup Summary for practice.localhost at 2026-08-20 12:00:01.984249
Config  : /home/arivu/frappe-v16-bench/sites/practice.localhost/private/backups/20260820_120001-practice_localhost-site_config_backup.json 211.0B
Database: /home/arivu/frappe-v16-bench/sites/practice.localhost/private/backups/20260820_120001-practice_localhost-database.sql.gz 479.5KiB
Backup for Site practice.localhost has been successfully completed
set -o pipefail; /usr/bin/mariadb-dump --user=_d652df975b7b000b --host=127.0.0.1 --port=3306 --password=********** --single-transaction --quick --lock-tables=false _d652df975b7b000b | /usr/bin/gzip >> ./practice.localhost/private/backups/20260821_120001-practice_localhost-database.sql.gz

Backup Summary for practice.localhost at 2026-08-21 12:00:02.051387
Config  : /home/arivu/frappe-v16-bench/sites/practice.localhost/private/backups/20260821_120001-practice_localhost-site_config_backup.json 211.0B
Database: /home/arivu/frappe-v16-bench/sites/practice.localhost/private/backups/20260821_120001-practice_localhost-database.sql.gz 507.0KiB
Backup for Site practice.localhost has been successfully completed
set -o pipefail; /usr/bin/mariadb-dump --user=_d652df975b7b000b --host=127.0.0.1 --port=3306 --password=********** --single-transaction --quick --lock-tables=false _d652df975b7b000b | /usr/bin/gzip >> ./practice.localhost/private/backups/20260822_120002-practice_localhost-database.sql.gz

Backup Summary for practice.localhost at 2026-08-22 12:00:03.722060
Config  : /home/arivu/frappe-v16-bench/sites/practice.localhost/private/backups/20260822_120002-practice_localhost-site_config_backup.json 211.0B
Database: /home/arivu/frappe-v16-bench/sites/practice.localhost/private/backups/20260822_120002-practice_localhost-database.sql.gz 508.1KiB
Backup for Site practice.localhost has been successfully completed
set -o pipefail; /usr/bin/mariadb-dump --user=_d652df975b7b000b --host=127.0.0.1 --port=3306 --password=********** --single-transaction --quick --lock-tables=false _d652df975b7b000b | /usr/bin/gzip >> ./practice.localhost/private/backups/20260823_120003-practice_localhost-database.sql.gz

Backup Summary for practice.localhost at 2026-08-23 12:00:04.545944
Config  : /home/arivu/frappe-v16-bench/sites/practice.localhost/private/backups/20260823_120003-practice_localhost-site_config_backup.json 211.0B
Database: /home/arivu/frappe-v16-bench/sites/practice.localhost/private/backups/20260823_120003-practice_localhost-database.sql.gz 508.6KiB
Backup for Site practice.localhost has been successfully completed
set -o pipefail; /usr/bin/mariadb-dump --user=_d652df975b7b000b --host=127.0.0.1 --port=3306 --password=********** --single-transaction --quick --lock-tables=false _d652df975b7b000b | /usr/bin/gzip >> ./practice.localhost/private/backups/20260823_180003-practice_localhost-database.sql.gz

Backup Summary for practice.localhost at 2026-08-23 18:00:04.423909
Config  : /home/arivu/frappe-v16-bench/sites/practice.localhost/private/backups/20260823_180003-practice_localhost-site_config_backup.json 211.0B
Database: /home/arivu/frappe-v16-bench/sites/practice.localhost/private/backups/20260823_180003-practice_localhost-database.sql.gz 508.6KiB
Backup for Site practice.localhost has been successfully completed
set -o pipefail; /usr/bin/mariadb-dump --user=_d652df975b7b000b --host=127.0.0.1 --port=3306 --password=********** --single-transaction --quick --lock-tables=false _d652df975b7b000b | /usr/bin/gzip >> ./practice.localhost/private/backups/20260824_120001-practice_localhost-database.sql.gz

Backup Summary for practice.localhost at 2026-08-24 12:00:02.143948
Config  : /home/arivu/frappe-v16-bench/sites/practice.localhost/private/backups/20260824_120001-practice_localhost-site_config_backup.json 211.0B
Database: /home/arivu/frappe-v16-bench/sites/practice.localhost/private/backups/20260824_120001-practice_localhost-database.sql.gz 511.9KiB
Backup for Site practice.localhost has been successfully completed
set -o pipefail; /usr/bin/mariadb-dump --user=_d652df975b7b000b --host=127.0.0.1 --port=3306 --password=********** --single-transaction --quick --lock-tables=false _d652df975b7b000b | /usr/bin/gzip >> ./practice.localhost/private/backups/20260825_120002-practice_localhost-database.sql.gz

Backup Summary for practice.localhost at 2026-08-25 12:00:03.361405
Config  : /home/arivu/frappe-v16-bench/sites/practice.localhost/private/backups/20260825_120002-practice_localhost-site_config_backup.json 211.0B
Database: /home/arivu/frappe-v16-bench/sites/practice.localhost/private/backups/20260825_120002-practice_localhost-database.sql.gz 534.7KiB
Backup for Site practice.localhost has been successfully completed
set -o pipefail; /usr/bin/mariadb-dump --user=_d652df975b7b000b --host=127.0.0.1 --port=3306 --password=********** --single-transaction --quick --lock-tables=false _d652df975b7b000b | /usr/bin/gzip >> ./practice.localhost/private/backups/20260826_120002-practice_localhost-database.sql.gz

Backup Summary for practice.localhost at 2026-08-26 12:00:03.472913
Config  : /home/arivu/frappe-v16-bench/sites/practice.localhost/private/backups/20260826_120002-practice_localhost-site_config_backup.json 211.0B
Database: /home/arivu/frappe-v16-bench/sites/practice.localhost/private/backups/20260826_120002-practice_localhost-database.sql.gz 548.5KiB
Backup for Site practice.localhost has been successfully completed
set -o pipefail; /usr/bin/mariadb-dump --user=_d652df975b7b000b --host=127.0.0.1 --port=3306 --password=********** --single-transaction --quick --lock-tables=false _d652df975b7b000b | /usr/bin/gzip >> ./practice.localhost/private/backups/20260827_120001-practice_localhost-database.sql.gz

Backup Summary for practice.localhost at 2026-08-27 12:00:01.902236
Config  : /home/arivu/frappe-v16-bench/sites/practice.localhost/private/backups/20260827_120001-practice_localhost-site_config_backup.json 211.0B
Database: /home/arivu/frappe-v16-bench/sites/practice.localhost/private/backups/20260827_120001-practice_localhost-database.sql.gz 556.8KiB
Backup for Site practice.localhost has been successfully completed
set -o pipefail; /usr/bin/mariadb-dump --user=_d652df975b7b000b --host=127.0.0.1 --port=3306 --password=********** --single-transaction --quick --lock-tables=false _d652df975b7b000b | /usr/bin/gzip >> ./practice.localhost/private/backups/20260828_120002-practice_localhost-database.sql.gz

Backup Summary for practice.localhost at 2026-08-28 12:00:03.659845
Config  : /home/arivu/frappe-v16-bench/sites/practice.localhost/private/backups/20260828_120002-practice_localhost-site_config_backup.json 234.0B
Database: /home/arivu/frappe-v16-bench/sites/practice.localhost/private/backups/20260828_120002-practice_localhost-database.sql.gz 598.8KiB
Backup for Site practice.localhost has been successfully completed
set -o pipefail; /usr/bin/mariadb-dump --user=_d652df975b7b000b --host=127.0.0.1 --port=3306 --password=********** --single-transaction --quick --lock-tables=false _d652df975b7b000b | /usr/bin/gzip >> ./practice.localhost/private/backups/20260829_120002-practice_localhost-database.sql.gz

Backup Summary for practice.localhost at 2026-08-29 12:00:03.305484
Config  : /home/arivu/frappe-v16-bench/sites/practice.localhost/private/backups/20260829_120002-practice_localhost-site_config_backup.json 234.0B
Database: /home/arivu/frappe-v16-bench/sites/practice.localhost/private/backups/20260829_120002-practice_localhost-database.sql.gz 622.6KiB
Backup for Site practice.localhost has been successfully completed
set -o pipefail; /usr/bin/mariadb-dump --user=_d652df975b7b000b --host=127.0.0.1 --port=3306 --password=********** --single-transaction --quick --lock-tables=false _d652df975b7b000b | /usr/bin/gzip >> ./practice.localhost/private/backups/20260830_120004-practice_localhost-database.sql.gz

Backup Summary for practice.localhost at 2026-08-30 12:00:05.442339
Config  : /home/arivu/frappe-v16-bench/sites/practice.localhost/private/backups/20260830_120004-practice_localhost-site_config_backup.json 234.0B
Database: /home/arivu/frappe-v16-bench/sites/practice.localhost/private/backups/20260830_120004-practice_localhost-database.sql.gz 622.6KiB
Backup for Site practice.localhost has been successfully completed
set -o pipefail; /usr/bin/mariadb-dump --user=_d652df975b7b000b --host=127.0.0.1 --port=3306 --password=********** --single-transaction --quick --lock-tables=false _d652df975b7b000b | /usr/bin/gzip >> ./practice.localhost/private/backups/20260830_180002-practice_localhost-database.sql.gz

Backup Summary for practice.localhost at 2026-08-30 18:00:03.396155
Config  : /home/arivu/frappe-v16-bench/sites/practice.localhost/private/backups/20260830_180002-practice_localhost-site_config_backup.json 234.0B
Database: /home/arivu/frappe-v16-bench/sites/practice.localhost/private/backups/20260830_180002-practice_localhost-database.sql.gz 628.9KiB
Backup for Site practice.localhost has been successfully completed
set -o pipefail; /usr/bin/mariadb-dump --user=_d652df975b7b000b --host=127.0.0.1 --port=3306 --password=********** --single-transaction --quick --lock-tables=false _d652df975b7b000b | /usr/bin/gzip >> ./practice.localhost/private/backups/20260831_120003-practice_localhost-database.sql.gz

Backup Summary for practice.localhost at 2026-08-31 12:00:04.424142
Config  : /home/arivu/frappe-v16-bench/sites/practice.localhost/private/backups/20260831_120003-practice_localhost-site_config_backup.json 234.0B
Database: /home/arivu/frappe-v16-bench/sites/practice.localhost/private/backups/20260831_120003-practice_localhost-database.sql.gz 652.8KiB
Backup for Site practice.localhost has been successfully completed
