2026-08-06 11:05:47,540 DEBUG cd frappe-v16-bench && uv venv env --seed --python /usr/bin/python3
2026-08-06 11:05:49,147 LOG Getting frappe
2026-08-06 11:05:49,147 DEBUG cd frappe-v16-bench/apps && git clone https://github.com/frappe/frappe.git --branch version-16 --depth 1 --origin upstream
2026-08-06 11:07:18,168 LOG Installing frappe
2026-08-06 11:07:18,170 DEBUG cd /home/arivu/frappe-v16-bench && uv pip install --quiet -e /home/arivu/frappe-v16-bench/apps/frappe  --python /home/arivu/frappe-v16-bench/env/bin/python
2026-08-06 11:07:40,126 DEBUG cd /home/arivu/frappe-v16-bench/apps/frappe && yarn install --check-files
2026-08-06 11:07:48,760 DEBUG cd frappe-v16-bench && bench build
2026-08-06 11:07:48,937 INFO /home/arivu/.local/bin/bench build
2026-08-06 11:08:06,606 LOG setting up backups
2026-08-06 11:08:06,625 LOG backups were set up
2026-08-06 11:08:06,625 INFO Bench frappe-v16-bench initialized
2026-08-06 11:09:24,622 INFO /home/arivu/.local/bin/bench new-site practice.localhost
2026-08-06 11:09:29,867 INFO /home/arivu/.local/bin/bench new-site practice.localhost
2026-08-06 11:10:00,944 INFO /home/arivu/.local/bin/bench list-sites
2026-08-06 11:10:14,719 INFO /home/arivu/.local/bin/bench new-site practice.localhost
2026-08-06 11:13:16,460 INFO /home/arivu/.local/bin/bench use practice.localhost
2026-08-06 11:13:20,428 INFO /home/arivu/.local/bin/bench start
2026-08-06 11:13:20,937 INFO /home/arivu/.local/bin/bench serve --port 8000
2026-08-06 11:13:20,944 INFO /home/arivu/.local/bin/bench watch
2026-08-06 11:13:20,949 INFO /home/arivu/.local/bin/bench socketio
2026-08-06 11:13:20,953 INFO /home/arivu/.local/bin/bench schedule
2026-08-06 11:13:20,954 INFO /home/arivu/.local/bin/bench worker
2026-08-06 11:14:05,479 INFO /home/arivu/.local/bin/bench start
2026-08-06 11:14:05,952 INFO /home/arivu/.local/bin/bench socketio
2026-08-06 11:14:05,954 INFO /home/arivu/.local/bin/bench serve --port 8000
2026-08-06 11:14:05,957 INFO /home/arivu/.local/bin/bench watch
2026-08-06 11:14:05,958 INFO /home/arivu/.local/bin/bench worker
2026-08-06 11:14:05,959 INFO /home/arivu/.local/bin/bench schedule
2026-08-06 11:15:36,961 INFO /home/arivu/.local/bin/bench build
2026-08-06 11:15:43,606 INFO /home/arivu/.local/bin/bench build
2026-08-06 12:00:01,967 INFO /home/arivu/.local/bin/bench --verbose --site all backup
2026-08-06 12:54:32,326 INFO /home/arivu/.local/bin/bench --site clinic.localhost make-page my-custom-page
2026-08-06 12:58:01,942 INFO /home/arivu/.local/bin/bench --site clinic.localhost set-config developer_mode 1
2026-08-06 12:58:26,100 INFO /home/arivu/.local/bin/bench --site clinic.localhost console
2026-08-06 12:58:47,241 INFO /home/arivu/.local/bin/bench console
2026-08-06 12:59:16,329 INFO /home/arivu/.local/bin/bench console
2026-08-06 13:05:20,402 INFO /home/arivu/.local/bin/bench build --app frappe
2026-08-06 15:29:59,520 INFO /home/arivu/.local/bin/bench --site practice.localhost console
2026-08-06 15:41:54,206 INFO /home/arivu/.local/bin/bench --site practice.localhost mariadb
2026-08-06 15:46:44,781 INFO /home/arivu/.local/bin/bench --site practice.localhost mariadb
2026-08-06 15:55:19,732 INFO /home/arivu/.local/bin/bench --site practice.localhost console
2026-08-07 12:00:02,249 INFO /home/arivu/.local/bin/bench --verbose --site all backup
2026-08-07 14:02:15,290 INFO /home/arivu/.local/bin/bench start
2026-08-07 14:02:15,674 INFO /home/arivu/.local/bin/bench socketio
2026-08-07 14:02:15,674 INFO /home/arivu/.local/bin/bench watch
2026-08-07 14:02:15,679 INFO /home/arivu/.local/bin/bench serve --port 8000
2026-08-07 14:02:15,682 INFO /home/arivu/.local/bin/bench schedule
2026-08-07 14:02:15,686 INFO /home/arivu/.local/bin/bench worker
2026-08-07 14:02:20,459 INFO /home/arivu/.local/bin/bench start
2026-08-07 14:02:20,766 INFO /home/arivu/.local/bin/bench serve --port 8000
2026-08-07 14:02:20,768 INFO /home/arivu/.local/bin/bench socketio
2026-08-07 14:02:20,771 INFO /home/arivu/.local/bin/bench watch
2026-08-07 14:02:20,771 INFO /home/arivu/.local/bin/bench schedule
2026-08-07 14:02:20,773 INFO /home/arivu/.local/bin/bench worker
2026-08-07 14:03:08,887 INFO /home/arivu/.local/bin/bench start
2026-08-07 14:03:09,390 INFO /home/arivu/.local/bin/bench schedule
2026-08-07 14:03:09,390 INFO /home/arivu/.local/bin/bench serve --port 8000
2026-08-07 14:03:09,390 INFO /home/arivu/.local/bin/bench socketio
2026-08-07 14:03:09,394 INFO /home/arivu/.local/bin/bench watch
2026-08-07 14:03:09,398 INFO /home/arivu/.local/bin/bench worker
2026-08-07 15:57:57,727 INFO /home/arivu/.local/bin/bench --site practice.localhost mariadb
2026-08-07 15:58:32,246 INFO /home/arivu/.local/bin/bench --site practice.localhost mariadb
2026-08-10 11:55:50,520 INFO /home/arivu/.local/bin/bench start
2026-08-10 11:55:50,811 INFO /home/arivu/.local/bin/bench schedule
2026-08-10 11:55:50,820 INFO /home/arivu/.local/bin/bench socketio
2026-08-10 11:55:50,827 INFO /home/arivu/.local/bin/bench worker
2026-08-10 11:55:50,828 INFO /home/arivu/.local/bin/bench serve --port 8000
2026-08-10 11:55:50,834 INFO /home/arivu/.local/bin/bench watch
2026-08-10 11:56:24,233 INFO /home/arivu/.local/bin/bench start
2026-08-10 11:56:24,508 INFO /home/arivu/.local/bin/bench watch
2026-08-10 11:56:24,508 INFO /home/arivu/.local/bin/bench socketio
2026-08-10 11:56:24,510 INFO /home/arivu/.local/bin/bench schedule
2026-08-10 11:56:24,511 INFO /home/arivu/.local/bin/bench worker
2026-08-10 11:56:24,514 INFO /home/arivu/.local/bin/bench serve --port 8000
2026-08-10 12:00:01,483 INFO /home/arivu/.local/bin/bench --verbose --site all backup
2026-08-11 12:00:01,537 INFO /home/arivu/.local/bin/bench --verbose --site all backup
2026-08-12 16:24:57,953 INFO /home/arivu/.local/bin/bench start
2026-08-12 16:24:58,222 INFO /home/arivu/.local/bin/bench serve --port 8000
2026-08-12 16:24:58,225 INFO /home/arivu/.local/bin/bench schedule
2026-08-12 16:24:58,227 INFO /home/arivu/.local/bin/bench worker
2026-08-12 16:24:58,229 INFO /home/arivu/.local/bin/bench watch
2026-08-12 16:24:58,240 INFO /home/arivu/.local/bin/bench socketio
2026-08-12 16:25:31,594 INFO /home/arivu/.local/bin/bench start
2026-08-12 16:25:31,862 INFO /home/arivu/.local/bin/bench socketio
2026-08-12 16:25:31,868 INFO /home/arivu/.local/bin/bench serve --port 8000
2026-08-12 16:25:31,868 INFO /home/arivu/.local/bin/bench worker
2026-08-12 16:25:31,869 INFO /home/arivu/.local/bin/bench schedule
2026-08-12 16:25:31,870 INFO /home/arivu/.local/bin/bench watch
2026-08-12 19:24:38,428 INFO /home/arivu/.local/bin/bench start
2026-08-12 19:24:38,923 INFO /home/arivu/.local/bin/bench serve --port 8000
2026-08-12 19:24:38,926 INFO /home/arivu/.local/bin/bench socketio
2026-08-12 19:24:38,928 INFO /home/arivu/.local/bin/bench schedule
2026-08-12 19:24:38,929 INFO /home/arivu/.local/bin/bench watch
2026-08-12 19:24:38,936 INFO /home/arivu/.local/bin/bench worker
2026-08-12 19:25:21,897 INFO /home/arivu/.local/bin/bench start
2026-08-12 19:25:22,420 INFO /home/arivu/.local/bin/bench watch
2026-08-12 19:25:22,421 INFO /home/arivu/.local/bin/bench serve --port 8000
2026-08-12 19:25:22,421 INFO /home/arivu/.local/bin/bench socketio
2026-08-12 19:25:22,430 INFO /home/arivu/.local/bin/bench schedule
2026-08-12 19:25:22,434 INFO /home/arivu/.local/bin/bench worker
2026-08-13 10:26:38,114 INFO /home/arivu/.local/bin/bench start
2026-08-13 10:26:38,410 INFO /home/arivu/.local/bin/bench serve --port 8000
2026-08-13 10:26:38,412 INFO /home/arivu/.local/bin/bench watch
2026-08-13 10:26:38,412 INFO /home/arivu/.local/bin/bench socketio
2026-08-13 10:26:38,418 INFO /home/arivu/.local/bin/bench worker
2026-08-13 10:26:38,434 INFO /home/arivu/.local/bin/bench schedule
2026-08-13 10:27:08,332 INFO /home/arivu/.local/bin/bench start
2026-08-13 10:27:08,570 INFO /home/arivu/.local/bin/bench serve --port 8000
2026-08-13 10:27:08,571 INFO /home/arivu/.local/bin/bench socketio
2026-08-13 10:27:08,571 INFO /home/arivu/.local/bin/bench watch
2026-08-13 10:27:08,573 INFO /home/arivu/.local/bin/bench worker
2026-08-13 10:27:08,573 INFO /home/arivu/.local/bin/bench schedule
2026-08-13 12:00:01,241 INFO /home/arivu/.local/bin/bench --verbose --site all backup
2026-08-14 11:18:02,257 INFO /home/arivu/.local/bin/bench start
2026-08-14 11:18:02,586 INFO /home/arivu/.local/bin/bench socketio
2026-08-14 11:18:02,587 INFO /home/arivu/.local/bin/bench serve --port 8000
2026-08-14 11:18:02,592 INFO /home/arivu/.local/bin/bench worker
2026-08-14 11:18:02,596 INFO /home/arivu/.local/bin/bench schedule
2026-08-14 11:18:02,599 INFO /home/arivu/.local/bin/bench watch
2026-08-14 11:18:25,625 INFO /home/arivu/.local/bin/bench start
2026-08-14 11:18:25,899 INFO /home/arivu/.local/bin/bench socketio
2026-08-14 11:18:25,899 INFO /home/arivu/.local/bin/bench schedule
2026-08-14 11:18:25,900 INFO /home/arivu/.local/bin/bench worker
2026-08-14 11:18:25,908 INFO /home/arivu/.local/bin/bench watch
2026-08-14 11:18:25,908 INFO /home/arivu/.local/bin/bench serve --port 8000
2026-08-14 11:21:31,738 INFO /home/arivu/.local/bin/bench start
2026-08-14 11:21:32,238 INFO /home/arivu/.local/bin/bench serve --port 8000
2026-08-14 11:21:32,238 INFO /home/arivu/.local/bin/bench socketio
2026-08-14 11:21:32,239 INFO /home/arivu/.local/bin/bench watch
2026-08-14 11:21:32,243 INFO /home/arivu/.local/bin/bench schedule
2026-08-14 11:21:32,249 INFO /home/arivu/.local/bin/bench worker
2026-08-14 11:39:13,880 INFO /home/arivu/.local/bin/bench --site practice.localhost console
2026-08-14 12:00:02,096 INFO /home/arivu/.local/bin/bench --verbose --site all backup
2026-08-17 11:47:51,566 INFO /home/arivu/.local/bin/bench find
2026-08-17 11:47:53,323 WARNING /home/arivu/.local/bin/bench find executed with exit code 1
2026-08-17 11:48:00,371 INFO /home/arivu/.local/bin/bench find
2026-08-17 11:48:11,043 INFO /home/arivu/.local/bin/bench find .
2026-08-17 12:00:01,481 INFO /home/arivu/.local/bin/bench --verbose --site all backup
2026-08-17 14:11:09,247 INFO /home/arivu/.local/bin/bench start
2026-08-17 14:11:09,769 INFO /home/arivu/.local/bin/bench serve --port 8000
2026-08-17 14:11:09,770 INFO /home/arivu/.local/bin/bench socketio
2026-08-17 14:11:09,774 INFO /home/arivu/.local/bin/bench watch
2026-08-17 14:11:09,775 INFO /home/arivu/.local/bin/bench schedule
2026-08-17 14:11:09,781 INFO /home/arivu/.local/bin/bench worker
2026-08-17 14:11:38,443 INFO /home/arivu/.local/bin/bench start
2026-08-17 14:11:38,921 INFO /home/arivu/.local/bin/bench serve --port 8000
2026-08-17 14:11:38,927 INFO /home/arivu/.local/bin/bench schedule
2026-08-17 14:11:38,930 INFO /home/arivu/.local/bin/bench watch
2026-08-17 14:11:38,931 INFO /home/arivu/.local/bin/bench worker
2026-08-17 14:11:38,937 INFO /home/arivu/.local/bin/bench socketio
2026-08-17 14:19:12,785 INFO /home/arivu/.local/bin/bench start
2026-08-17 14:19:13,309 INFO /home/arivu/.local/bin/bench socketio
2026-08-17 14:19:13,314 INFO /home/arivu/.local/bin/bench worker
2026-08-17 14:19:13,315 INFO /home/arivu/.local/bin/bench watch
2026-08-17 14:19:13,315 INFO /home/arivu/.local/bin/bench schedule
2026-08-17 14:19:13,328 INFO /home/arivu/.local/bin/bench serve --port 8000
2026-08-17 14:47:25,448 INFO /home/arivu/.local/bin/bench new-app scheduler_practice
2026-08-17 14:47:25,470 LOG creating new app scheduler_practice
2026-08-17 14:47:48,227 LOG Installing scheduler_practice
2026-08-17 14:47:48,228 DEBUG cd /home/arivu/frappe-v16-bench && uv pip install --quiet -e /home/arivu/frappe-v16-bench/apps/scheduler_practice  --python /home/arivu/frappe-v16-bench/env/bin/python
2026-08-17 14:47:49,476 DEBUG bench build --app scheduler_practice
2026-08-17 14:47:49,670 INFO /home/arivu/.local/bin/bench build --app scheduler_practice
2026-08-17 14:48:21,939 INFO /home/arivu/.local/bin/bench --site learning.localhost install-app scheduler-practice
2026-08-17 14:48:36,981 INFO /home/arivu/.local/bin/bench --site practice.localhost install-app scheduler-practice
2026-08-17 14:48:54,048 INFO /home/arivu/.local/bin/bench --site practice.localhost install-app scheduler_practice
2026-08-17 14:51:46,320 INFO /home/arivu/.local/bin/bench start
2026-08-17 14:51:46,803 INFO /home/arivu/.local/bin/bench serve --port 8000
2026-08-17 14:51:46,803 INFO /home/arivu/.local/bin/bench socketio
2026-08-17 14:51:46,805 INFO /home/arivu/.local/bin/bench schedule
2026-08-17 14:51:46,807 INFO /home/arivu/.local/bin/bench watch
2026-08-17 14:51:46,811 INFO /home/arivu/.local/bin/bench worker
2026-08-17 14:54:49,643 INFO /home/arivu/.local/bin/bench start
2026-08-17 14:54:50,136 INFO /home/arivu/.local/bin/bench serve --port 8000
2026-08-17 14:54:50,145 INFO /home/arivu/.local/bin/bench watch
2026-08-17 14:54:50,147 INFO /home/arivu/.local/bin/bench schedule
2026-08-17 14:54:50,148 INFO /home/arivu/.local/bin/bench socketio
2026-08-17 14:54:50,155 INFO /home/arivu/.local/bin/bench worker
2026-08-17 14:59:08,583 INFO /home/arivu/.local/bin/bench --site practice.localhost list-apps
2026-08-17 15:00:05,852 INFO /home/arivu/.local/bin/bench start
2026-08-17 15:00:06,362 INFO /home/arivu/.local/bin/bench serve --port 8000
2026-08-17 15:00:06,376 INFO /home/arivu/.local/bin/bench socketio
2026-08-17 15:00:06,376 INFO /home/arivu/.local/bin/bench watch
2026-08-17 15:00:06,376 INFO /home/arivu/.local/bin/bench schedule
2026-08-17 15:00:06,385 INFO /home/arivu/.local/bin/bench worker
2026-08-17 15:01:58,109 INFO /home/arivu/.local/bin/bench --site practice.localhost console
2026-08-17 15:05:45,217 INFO /home/arivu/.local/bin/bench --site yoursite.local show-pending-jobs
2026-08-17 15:06:05,914 INFO /home/arivu/.local/bin/bench doctor
2026-08-17 15:07:42,794 INFO /home/arivu/.local/bin/bench --site yoursite.local console
2026-08-17 15:08:00,352 INFO /home/arivu/.local/bin/bench --site practice.localhost console
2026-08-17 15:08:46,678 INFO /home/arivu/.local/bin/bench doctor
2026-08-17 15:09:08,777 INFO /home/arivu/.local/bin/bench --site practice.localhost console
2026-08-17 15:09:58,619 INFO /home/arivu/.local/bin/bench --site practice.localhost console
2026-08-17 15:10:55,223 INFO /home/arivu/.local/bin/bench --site practice.localhost console
2026-08-17 15:13:05,732 INFO /home/arivu/.local/bin/bench --site practice.localhost console
2026-08-17 15:16:07,079 INFO /home/arivu/.local/bin/bench -version
2026-08-17 15:16:11,467 INFO /home/arivu/.local/bin/bench --version
2026-08-17 15:18:25,573 INFO /home/arivu/.local/bin/bench start
2026-08-17 15:18:26,067 INFO /home/arivu/.local/bin/bench socketio
2026-08-17 15:18:26,069 INFO /home/arivu/.local/bin/bench serve --port 8000
2026-08-17 15:18:26,072 INFO /home/arivu/.local/bin/bench watch
2026-08-17 15:18:26,076 INFO /home/arivu/.local/bin/bench worker
2026-08-17 15:18:26,076 INFO /home/arivu/.local/bin/bench schedule
2026-08-17 15:18:39,703 INFO /home/arivu/.local/bin/bench --site practice.localhost doctor
2026-08-17 15:18:47,655 INFO /home/arivu/.local/bin/bench --site practice.localhost show-pending-jobs
2026-08-17 15:18:56,728 INFO /home/arivu/.local/bin/bench --site practice.localhost console
2026-08-17 15:22:04,991 INFO /home/arivu/.local/bin/bench start
2026-08-17 15:22:05,474 INFO /home/arivu/.local/bin/bench socketio
2026-08-17 15:22:05,475 INFO /home/arivu/.local/bin/bench serve --port 8000
2026-08-17 15:22:05,478 INFO /home/arivu/.local/bin/bench watch
2026-08-17 15:22:05,484 INFO /home/arivu/.local/bin/bench schedule
2026-08-17 15:22:05,485 INFO /home/arivu/.local/bin/bench worker
2026-08-17 15:58:04,486 INFO /home/arivu/.local/bin/bench --site practice.localhost backup
2026-08-18 12:00:01,665 INFO /home/arivu/.local/bin/bench --verbose --site all backup
2026-08-18 14:54:55,317 INFO /home/arivu/.local/bin/bench start
2026-08-18 14:54:55,672 INFO /home/arivu/.local/bin/bench socketio
2026-08-18 14:54:55,674 INFO /home/arivu/.local/bin/bench watch
2026-08-18 14:54:55,676 INFO /home/arivu/.local/bin/bench schedule
2026-08-18 14:54:55,676 INFO /home/arivu/.local/bin/bench serve --port 8000
2026-08-18 14:54:55,677 INFO /home/arivu/.local/bin/bench worker
2026-08-18 14:55:31,325 INFO /home/arivu/.local/bin/bench start
2026-08-18 14:55:31,837 INFO /home/arivu/.local/bin/bench serve --port 8000
2026-08-18 14:55:31,842 INFO /home/arivu/.local/bin/bench socketio
2026-08-18 14:55:31,843 INFO /home/arivu/.local/bin/bench schedule
2026-08-18 14:55:31,843 INFO /home/arivu/.local/bin/bench watch
2026-08-18 14:55:31,844 INFO /home/arivu/.local/bin/bench worker
2026-08-18 15:36:37,399 INFO /home/arivu/.local/bin/bench ---site practice.localhost mariadb
2026-08-18 15:37:52,104 INFO /home/arivu/.local/bin/bench --site practice.localhost mariadb
2026-08-18 16:54:49,994 INFO /home/arivu/.local/bin/bench get-app https://github.com/Aerele-RnD/jarvis.git --branch beta
2026-08-18 16:54:50,013 LOG Getting jarvis
2026-08-18 16:54:50,013 DEBUG cd ./apps && git clone https://github.com/Aerele-RnD/jarvis.git --branch beta --depth 1 --origin upstream
2026-08-18 16:54:51,012 WARNING cd ./apps && git clone https://github.com/Aerele-RnD/jarvis.git --branch beta --depth 1 --origin upstream executed with exit code 128
2026-08-18 16:54:51,012 WARNING /home/arivu/.local/bin/bench get-app https://github.com/Aerele-RnD/jarvis.git --branch beta executed with exit code 1
2026-08-18 16:55:50,607 INFO /home/arivu/.local/bin/bench get-app https://github.com/Aerele-RnD/jarvis.git
2026-08-18 16:55:50,630 LOG Getting jarvis
2026-08-18 16:55:50,630 DEBUG cd ./apps && git clone https://github.com/Aerele-RnD/jarvis.git  --depth 1 --origin upstream
2026-08-18 16:55:57,707 LOG Installing jarvis
2026-08-18 16:55:57,707 DEBUG cd /home/arivu/frappe-v16-bench && uv pip install --quiet -e /home/arivu/frappe-v16-bench/apps/jarvis  --python /home/arivu/frappe-v16-bench/env/bin/python
2026-08-18 16:56:00,362 DEBUG cd /home/arivu/frappe-v16-bench/apps/jarvis && yarn install --check-files
2026-08-18 16:57:09,950 DEBUG bench build --app jarvis
2026-08-18 16:57:10,048 INFO /home/arivu/.local/bin/bench build --app jarvis
2026-08-18 17:00:06,348 INFO /home/arivu/.local/bin/bench --site practice.localhost install-app jarvis
2026-08-18 17:02:23,196 INFO /home/arivu/.local/bin/bench --site practice.localhost uninstall-app jarvis
2026-08-18 17:02:36,631 INFO /home/arivu/.local/bin/bench start
2026-08-18 17:02:37,150 INFO /home/arivu/.local/bin/bench serve --port 8000
2026-08-18 17:02:37,151 INFO /home/arivu/.local/bin/bench socketio
2026-08-18 17:02:37,156 INFO /home/arivu/.local/bin/bench schedule
2026-08-18 17:02:37,158 INFO /home/arivu/.local/bin/bench watch
2026-08-18 17:02:37,162 INFO /home/arivu/.local/bin/bench worker
2026-08-18 17:03:16,375 INFO /home/arivu/.local/bin/bench start
2026-08-18 17:03:16,871 INFO /home/arivu/.local/bin/bench serve --port 8000
2026-08-18 17:03:16,873 INFO /home/arivu/.local/bin/bench socketio
2026-08-18 17:03:16,874 INFO /home/arivu/.local/bin/bench watch
2026-08-18 17:03:16,876 INFO /home/arivu/.local/bin/bench schedule
2026-08-18 17:03:16,877 INFO /home/arivu/.local/bin/bench worker
2026-08-18 17:04:06,455 INFO /home/arivu/.local/bin/bench --site practice.localhost list-apps
2026-08-18 17:04:54,263 INFO /home/arivu/.local/bin/bench remove-app jarvis
2026-08-18 17:04:54,278 WARNING /home/arivu/.local/bin/bench remove-app jarvis executed with exit code 1
2026-08-18 17:05:09,555 INFO /home/arivu/.local/bin/bench get-app https://github.com/Aerele-RnD/jarvis.git
2026-08-18 17:05:09,574 LOG Getting jarvis
2026-08-18 17:05:09,575 DEBUG cd ./apps && git clone https://github.com/Aerele-RnD/jarvis.git  --depth 1 --origin upstream
2026-08-18 17:05:32,157 LOG Installing jarvis
2026-08-18 17:05:32,157 DEBUG cd /home/arivu/frappe-v16-bench && uv pip install --quiet -e /home/arivu/frappe-v16-bench/apps/jarvis  --python /home/arivu/frappe-v16-bench/env/bin/python
2026-08-18 17:05:32,787 DEBUG cd /home/arivu/frappe-v16-bench/apps/jarvis && yarn install --check-files
2026-08-18 17:05:54,346 DEBUG bench build --app jarvis
2026-08-18 17:05:54,446 INFO /home/arivu/.local/bin/bench build --app jarvis
2026-08-18 17:17:39,318 INFO /home/arivu/.local/bin/bench --site practice.localhost uninstall-app jarvis
2026-08-18 17:18:03,996 INFO /home/arivu/.local/bin/bench start
2026-08-18 17:18:04,530 INFO /home/arivu/.local/bin/bench watch
2026-08-18 17:18:04,530 INFO /home/arivu/.local/bin/bench socketio
2026-08-18 17:18:04,530 INFO /home/arivu/.local/bin/bench serve --port 8000
2026-08-18 17:18:04,533 INFO /home/arivu/.local/bin/bench schedule
2026-08-18 17:18:04,549 INFO /home/arivu/.local/bin/bench worker
2026-08-18 17:18:11,367 INFO /home/arivu/.local/bin/bench --site practice.localhost uninstall-app jarvis
2026-08-18 17:18:23,947 INFO /home/arivu/.local/bin/bench remove-app jarvis
2026-08-18 17:18:24,184 INFO /home/arivu/.local/bin/bench --site all list-apps --format json
2026-08-18 17:18:25,895 INFO /home/arivu/.local/bin/bench --site practice.localhost list-apps
2026-08-18 17:18:27,128 DEBUG cd /home/arivu/frappe-v16-bench && uv pip uninstall jarvis --python /home/arivu/frappe-v16-bench/env/bin/python
2026-08-18 17:18:58,113 INFO App moved from apps/jarvis to archived/apps/jarvis-2026-08-18
2026-08-18 17:19:34,861 INFO /home/arivu/.local/bin/bench --site practice.localhost migrate
2026-08-18 17:19:44,970 INFO /home/arivu/.local/bin/bench --site practice.localhost list-apps
2026-08-18 17:19:59,813 INFO /home/arivu/.local/bin/bench start
2026-08-18 17:20:00,334 INFO /home/arivu/.local/bin/bench serve --port 8000
2026-08-18 17:20:00,337 INFO /home/arivu/.local/bin/bench watch
2026-08-18 17:20:00,338 INFO /home/arivu/.local/bin/bench socketio
2026-08-18 17:20:00,352 INFO /home/arivu/.local/bin/bench worker
2026-08-18 17:20:00,352 INFO /home/arivu/.local/bin/bench schedule
2026-08-18 18:00:01,211 INFO /home/arivu/.local/bin/bench --verbose --site all backup
2026-08-19 10:13:09,864 INFO /home/arivu/.local/bin/bench start
2026-08-19 10:13:10,157 INFO /home/arivu/.local/bin/bench serve --port 8000
2026-08-19 10:13:10,160 INFO /home/arivu/.local/bin/bench watch
2026-08-19 10:13:10,161 INFO /home/arivu/.local/bin/bench socketio
2026-08-19 10:13:10,167 INFO /home/arivu/.local/bin/bench schedule
2026-08-19 10:13:10,173 INFO /home/arivu/.local/bin/bench worker
2026-08-19 10:13:28,285 INFO /home/arivu/.local/bin/bench start
2026-08-19 10:13:28,604 INFO /home/arivu/.local/bin/bench watch
2026-08-19 10:13:28,607 INFO /home/arivu/.local/bin/bench worker
2026-08-19 10:13:28,607 INFO /home/arivu/.local/bin/bench serve --port 8000
2026-08-19 10:13:28,607 INFO /home/arivu/.local/bin/bench schedule
2026-08-19 10:13:28,608 INFO /home/arivu/.local/bin/bench socketio
2026-08-19 10:43:09,610 INFO /home/arivu/.local/bin/bench mariadb
2026-08-19 12:00:01,791 INFO /home/arivu/.local/bin/bench --verbose --site all backup
2026-08-19 14:39:34,169 INFO /home/arivu/.local/bin/bench build --apps frappe
2026-08-20 10:00:35,454 INFO /home/arivu/.local/bin/bench start
2026-08-20 10:00:35,978 INFO /home/arivu/.local/bin/bench watch
2026-08-20 10:00:35,978 INFO /home/arivu/.local/bin/bench serve --port 8000
2026-08-20 10:00:35,982 INFO /home/arivu/.local/bin/bench socketio
2026-08-20 10:00:35,985 INFO /home/arivu/.local/bin/bench schedule
2026-08-20 10:00:35,988 INFO /home/arivu/.local/bin/bench worker
2026-08-20 10:01:06,824 INFO /home/arivu/.local/bin/bench start
2026-08-20 10:01:07,327 INFO /home/arivu/.local/bin/bench serve --port 8000
2026-08-20 10:01:07,335 INFO /home/arivu/.local/bin/bench schedule
2026-08-20 10:01:07,335 INFO /home/arivu/.local/bin/bench worker
2026-08-20 10:01:07,336 INFO /home/arivu/.local/bin/bench watch
2026-08-20 10:01:07,338 INFO /home/arivu/.local/bin/bench socketio
2026-08-20 12:00:01,337 INFO /home/arivu/.local/bin/bench --verbose --site all backup
2026-08-20 12:32:45,976 INFO /home/arivu/.local/bin/bench mariadb
2026-08-21 11:07:00,489 INFO /home/arivu/.local/bin/bench start
2026-08-21 11:07:01,035 INFO /home/arivu/.local/bin/bench serve --port 8000
2026-08-21 11:07:01,037 INFO /home/arivu/.local/bin/bench socketio
2026-08-21 11:07:01,046 INFO /home/arivu/.local/bin/bench watch
2026-08-21 11:07:01,060 INFO /home/arivu/.local/bin/bench schedule
2026-08-21 11:07:01,066 INFO /home/arivu/.local/bin/bench worker
2026-08-21 11:07:07,670 INFO /home/arivu/.local/bin/bench start
2026-08-21 11:07:08,179 INFO /home/arivu/.local/bin/bench socketio
2026-08-21 11:07:08,179 INFO /home/arivu/.local/bin/bench serve --port 8000
2026-08-21 11:07:08,179 INFO /home/arivu/.local/bin/bench watch
2026-08-21 11:07:08,182 INFO /home/arivu/.local/bin/bench schedule
2026-08-21 11:07:08,183 INFO /home/arivu/.local/bin/bench worker
2026-08-21 12:00:01,357 INFO /home/arivu/.local/bin/bench --verbose --site all backup
2026-08-21 14:25:59,599 INFO /home/arivu/.local/bin/bench build --app practice_app
2026-08-21 14:26:05,550 INFO /home/arivu/.local/bin/bench build --app frappe
2026-08-21 14:26:21,296 INFO /home/arivu/.local/bin/bench start
2026-08-21 14:26:21,562 INFO /home/arivu/.local/bin/bench serve --port 8000
2026-08-21 14:26:21,564 INFO /home/arivu/.local/bin/bench schedule
2026-08-21 14:26:21,564 INFO /home/arivu/.local/bin/bench socketio
2026-08-21 14:26:21,566 INFO /home/arivu/.local/bin/bench worker
2026-08-21 14:26:21,569 INFO /home/arivu/.local/bin/bench watch
2026-08-21 14:29:28,313 INFO /home/arivu/.local/bin/bench build
2026-08-21 14:29:46,938 INFO /home/arivu/.local/bin/bench start
2026-08-21 14:29:47,490 INFO /home/arivu/.local/bin/bench watch
2026-08-21 14:29:47,491 INFO /home/arivu/.local/bin/bench serve --port 8000
2026-08-21 14:29:47,500 INFO /home/arivu/.local/bin/bench socketio
2026-08-21 14:29:47,501 INFO /home/arivu/.local/bin/bench worker
2026-08-21 14:29:47,503 INFO /home/arivu/.local/bin/bench schedule
2026-08-21 15:19:10,181 INFO /home/arivu/.local/bin/bench --site practice.localhost console
2026-08-22 11:30:31,685 INFO /home/arivu/.local/bin/bench start
2026-08-22 11:30:32,053 INFO /home/arivu/.local/bin/bench serve --port 8000
2026-08-22 11:30:32,054 INFO /home/arivu/.local/bin/bench socketio
2026-08-22 11:30:32,060 INFO /home/arivu/.local/bin/bench watch
2026-08-22 11:30:32,064 INFO /home/arivu/.local/bin/bench worker
2026-08-22 11:30:32,067 INFO /home/arivu/.local/bin/bench schedule
2026-08-22 11:31:00,363 INFO /home/arivu/.local/bin/bench start
2026-08-22 11:31:00,691 INFO /home/arivu/.local/bin/bench socketio
2026-08-22 11:31:00,695 INFO /home/arivu/.local/bin/bench serve --port 8000
2026-08-22 11:31:00,696 INFO /home/arivu/.local/bin/bench watch
2026-08-22 11:31:00,702 INFO /home/arivu/.local/bin/bench schedule
2026-08-22 11:31:00,706 INFO /home/arivu/.local/bin/bench worker
2026-08-22 12:00:01,820 INFO /home/arivu/.local/bin/bench --verbose --site all backup
2026-08-23 12:00:01,914 INFO /home/arivu/.local/bin/bench --verbose --site all backup
2026-08-23 18:00:02,122 INFO /home/arivu/.local/bin/bench --verbose --site all backup
2026-08-24 11:01:44,718 INFO /home/arivu/.local/bin/bench start
2026-08-24 11:01:45,038 INFO /home/arivu/.local/bin/bench watch
2026-08-24 11:01:45,044 INFO /home/arivu/.local/bin/bench worker
2026-08-24 11:01:45,044 INFO /home/arivu/.local/bin/bench serve --port 8000
2026-08-24 11:01:45,044 INFO /home/arivu/.local/bin/bench schedule
2026-08-24 11:01:45,044 INFO /home/arivu/.local/bin/bench socketio
2026-08-24 12:00:01,403 INFO /home/arivu/.local/bin/bench --verbose --site all backup
2026-08-25 10:32:20,547 INFO /home/arivu/.local/bin/bench start
2026-08-25 10:32:20,835 INFO /home/arivu/.local/bin/bench socketio
2026-08-25 10:32:20,842 INFO /home/arivu/.local/bin/bench worker
2026-08-25 10:32:20,843 INFO /home/arivu/.local/bin/bench serve --port 8000
2026-08-25 10:32:20,846 INFO /home/arivu/.local/bin/bench schedule
2026-08-25 10:32:20,849 INFO /home/arivu/.local/bin/bench watch
2026-08-25 10:32:32,088 INFO /home/arivu/.local/bin/bench start
2026-08-25 10:32:32,397 INFO /home/arivu/.local/bin/bench socketio
2026-08-25 10:32:32,397 INFO /home/arivu/.local/bin/bench serve --port 8000
2026-08-25 10:32:32,401 INFO /home/arivu/.local/bin/bench schedule
2026-08-25 10:32:32,407 INFO /home/arivu/.local/bin/bench watch
2026-08-25 10:32:32,411 INFO /home/arivu/.local/bin/bench worker
2026-08-25 10:34:59,565 INFO /home/arivu/.local/bin/bench start
2026-08-25 10:34:59,832 INFO /home/arivu/.local/bin/bench serve --port 8000
2026-08-25 10:34:59,833 INFO /home/arivu/.local/bin/bench watch
2026-08-25 10:34:59,833 INFO /home/arivu/.local/bin/bench socketio
2026-08-25 10:34:59,833 INFO /home/arivu/.local/bin/bench schedule
2026-08-25 10:34:59,838 INFO /home/arivu/.local/bin/bench worker
2026-08-25 10:40:08,958 INFO /home/arivu/.local/bin/bench start
2026-08-25 10:40:09,239 INFO /home/arivu/.local/bin/bench watch
2026-08-25 10:40:09,239 INFO /home/arivu/.local/bin/bench socketio
2026-08-25 10:40:09,241 INFO /home/arivu/.local/bin/bench schedule
2026-08-25 10:40:09,241 INFO /home/arivu/.local/bin/bench serve --port 8000
2026-08-25 10:40:09,248 INFO /home/arivu/.local/bin/bench worker
2026-08-25 10:42:28,070 INFO /home/arivu/.local/bin/bench start
2026-08-25 10:42:28,346 INFO /home/arivu/.local/bin/bench watch
2026-08-25 10:42:28,346 INFO /home/arivu/.local/bin/bench serve --port 8000
2026-08-25 10:42:28,347 INFO /home/arivu/.local/bin/bench socketio
2026-08-25 10:42:28,350 INFO /home/arivu/.local/bin/bench worker
2026-08-25 10:42:28,353 INFO /home/arivu/.local/bin/bench schedule
2026-08-25 10:45:38,083 INFO /home/arivu/.local/bin/bench start
2026-08-25 10:45:38,352 INFO /home/arivu/.local/bin/bench serve --port 8000
2026-08-25 10:45:38,357 INFO /home/arivu/.local/bin/bench watch
2026-08-25 10:45:38,357 INFO /home/arivu/.local/bin/bench schedule
2026-08-25 10:45:38,357 INFO /home/arivu/.local/bin/bench socketio
2026-08-25 10:45:38,375 INFO /home/arivu/.local/bin/bench worker
2026-08-25 10:55:50,275 INFO /home/arivu/.local/bin/bench start
2026-08-25 10:55:50,539 INFO /home/arivu/.local/bin/bench serve --port 8000
2026-08-25 10:55:50,540 INFO /home/arivu/.local/bin/bench schedule
2026-08-25 10:55:50,541 INFO /home/arivu/.local/bin/bench socketio
2026-08-25 10:55:50,545 INFO /home/arivu/.local/bin/bench watch
2026-08-25 10:55:50,545 INFO /home/arivu/.local/bin/bench worker
2026-08-25 11:03:22,853 INFO /home/arivu/.local/bin/bench --site practice.localhost clear-cache
2026-08-25 11:03:23,659 INFO /home/arivu/.local/bin/bench --site practice.localhost migrate
2026-08-25 11:03:36,704 INFO /home/arivu/.local/bin/bench start
2026-08-25 11:03:36,965 INFO /home/arivu/.local/bin/bench serve --port 8000
2026-08-25 11:03:36,968 INFO /home/arivu/.local/bin/bench worker
2026-08-25 11:03:36,972 INFO /home/arivu/.local/bin/bench schedule
2026-08-25 11:03:36,976 INFO /home/arivu/.local/bin/bench socketio
2026-08-25 11:03:36,977 INFO /home/arivu/.local/bin/bench watch
2026-08-25 12:00:01,516 INFO /home/arivu/.local/bin/bench --verbose --site all backup
2026-08-26 11:00:40,495 INFO /home/arivu/.local/bin/bench start
2026-08-26 11:00:40,852 INFO /home/arivu/.local/bin/bench socketio
2026-08-26 11:00:40,861 INFO /home/arivu/.local/bin/bench schedule
2026-08-26 11:00:40,861 INFO /home/arivu/.local/bin/bench serve --port 8000
2026-08-26 11:00:40,861 INFO /home/arivu/.local/bin/bench worker
2026-08-26 11:00:40,865 INFO /home/arivu/.local/bin/bench watch
2026-08-26 11:00:46,128 INFO /home/arivu/.local/bin/bench start
2026-08-26 11:00:46,481 INFO /home/arivu/.local/bin/bench socketio
2026-08-26 11:00:46,482 INFO /home/arivu/.local/bin/bench serve --port 8000
2026-08-26 11:00:46,482 INFO /home/arivu/.local/bin/bench worker
2026-08-26 11:00:46,486 INFO /home/arivu/.local/bin/bench schedule
2026-08-26 11:00:46,497 INFO /home/arivu/.local/bin/bench watch
2026-08-26 11:01:27,345 INFO /home/arivu/.local/bin/bench start
2026-08-26 11:01:27,818 INFO /home/arivu/.local/bin/bench serve --port 8000
2026-08-26 11:01:27,822 INFO /home/arivu/.local/bin/bench schedule
2026-08-26 11:01:27,823 INFO /home/arivu/.local/bin/bench watch
2026-08-26 11:01:27,825 INFO /home/arivu/.local/bin/bench worker
2026-08-26 11:01:27,825 INFO /home/arivu/.local/bin/bench socketio
2026-08-26 12:00:01,634 INFO /home/arivu/.local/bin/bench --verbose --site all backup
2026-08-26 14:23:52,132 INFO /home/arivu/.local/bin/bench version
2026-08-27 10:12:12,978 INFO /home/arivu/.local/bin/bench start
2026-08-27 10:12:13,539 INFO /home/arivu/.local/bin/bench schedule
2026-08-27 10:12:13,543 INFO /home/arivu/.local/bin/bench worker
2026-08-27 10:12:13,545 INFO /home/arivu/.local/bin/bench watch
2026-08-27 10:12:13,545 INFO /home/arivu/.local/bin/bench serve --port 8000
2026-08-27 10:12:13,548 INFO /home/arivu/.local/bin/bench socketio
2026-08-27 10:12:19,152 INFO /home/arivu/.local/bin/bench start
2026-08-27 10:12:19,629 INFO /home/arivu/.local/bin/bench serve --port 8000
2026-08-27 10:12:19,638 INFO /home/arivu/.local/bin/bench socketio
2026-08-27 10:12:19,638 INFO /home/arivu/.local/bin/bench watch
2026-08-27 10:12:19,639 INFO /home/arivu/.local/bin/bench schedule
2026-08-27 10:12:19,640 INFO /home/arivu/.local/bin/bench worker
2026-08-27 10:12:43,633 INFO /home/arivu/.local/bin/bench start
2026-08-27 10:12:44,186 INFO /home/arivu/.local/bin/bench serve --port 8000
2026-08-27 10:12:44,192 INFO /home/arivu/.local/bin/bench socketio
2026-08-27 10:12:44,200 INFO /home/arivu/.local/bin/bench watch
2026-08-27 10:12:44,201 INFO /home/arivu/.local/bin/bench schedule
2026-08-27 10:12:44,205 INFO /home/arivu/.local/bin/bench worker
2026-08-27 11:16:06,028 INFO /home/arivu/.local/bin/bench new-app custom
2026-08-27 11:16:06,033 LOG creating new app custom
2026-08-27 11:16:32,561 LOG Installing custom
2026-08-27 11:16:32,562 DEBUG cd /home/arivu/frappe-v16-bench && uv pip install --quiet -e /home/arivu/frappe-v16-bench/apps/custom  --python /home/arivu/frappe-v16-bench/env/bin/python
2026-08-27 11:16:33,136 DEBUG bench build --app custom
2026-08-27 11:16:33,243 INFO /home/arivu/.local/bin/bench build --app custom
2026-08-27 11:23:06,146 INFO /home/arivu/.local/bin/bench start
2026-08-27 11:23:06,420 INFO /home/arivu/.local/bin/bench serve --port 8000
2026-08-27 11:23:06,427 INFO /home/arivu/.local/bin/bench schedule
2026-08-27 11:23:06,427 INFO /home/arivu/.local/bin/bench worker
2026-08-27 11:23:06,436 INFO /home/arivu/.local/bin/bench watch
2026-08-27 11:23:06,440 INFO /home/arivu/.local/bin/bench socketio
2026-08-27 12:00:01,240 INFO /home/arivu/.local/bin/bench --verbose --site all backup
2026-08-27 13:05:09,233 INFO /home/arivu/.local/bin/bench --site practice.localhost install-app custom
2026-08-27 13:07:21,477 INFO /home/arivu/.local/bin/bench remove-app custom
2026-08-27 13:07:21,736 INFO /home/arivu/.local/bin/bench --site all list-apps --format json
2026-08-27 13:07:23,229 INFO /home/arivu/.local/bin/bench --site practice.localhost list-apps
2026-08-27 13:07:24,359 DEBUG cd /home/arivu/frappe-v16-bench && uv pip uninstall custom --python /home/arivu/frappe-v16-bench/env/bin/python
2026-08-27 13:07:24,411 INFO App moved from apps/custom to archived/apps/custom-2026-08-27
2026-08-27 13:07:34,593 INFO /home/arivu/.local/bin/bench new-app aerele-assignment
2026-08-27 13:07:34,608 LOG creating new app aerele_assignment
2026-08-27 13:07:52,284 LOG Installing aerele_assignment
2026-08-27 13:07:52,285 DEBUG cd /home/arivu/frappe-v16-bench && uv pip install --quiet -e /home/arivu/frappe-v16-bench/apps/aerele_assignment  --python /home/arivu/frappe-v16-bench/env/bin/python
2026-08-27 13:07:53,120 DEBUG bench build --app aerele_assignment
2026-08-27 13:07:53,328 INFO /home/arivu/.local/bin/bench build --app aerele_assignment
2026-08-27 13:08:10,388 INFO /home/arivu/.local/bin/bench --site install-app aerele-assignment
2026-08-27 13:08:22,349 INFO /home/arivu/.local/bin/bench --site install-app aerele_assignment
2026-08-27 13:08:33,151 INFO /home/arivu/.local/bin/bench --site practice.localhost install-app aerele_assignment
2026-08-27 13:08:54,318 INFO /home/arivu/.local/bin/bench --site practice.localhost list-apps
2026-08-27 13:10:21,909 INFO /home/arivu/.local/bin/bench --site practice.localhost migrate
2026-08-27 13:11:21,258 INFO /home/arivu/.local/bin/bench --site practice.localhost uninstall-app custom
2026-08-27 13:11:52,660 INFO /home/arivu/.local/bin/bench list-apps
2026-08-27 13:13:48,933 INFO /home/arivu/.local/bin/bench --site practice.localhost uninstall-app custom
2026-08-27 13:14:06,670 INFO /home/arivu/.local/bin/bench start
2026-08-27 13:14:07,221 INFO /home/arivu/.local/bin/bench serve --port 8000
2026-08-27 13:14:07,223 INFO /home/arivu/.local/bin/bench schedule
2026-08-27 13:14:07,225 INFO /home/arivu/.local/bin/bench socketio
2026-08-27 13:14:07,227 INFO /home/arivu/.local/bin/bench watch
2026-08-27 13:14:07,232 INFO /home/arivu/.local/bin/bench worker
2026-08-27 13:35:37,732 INFO /home/arivu/.local/bin/bench migrate
2026-08-27 13:39:18,930 INFO /home/arivu/.local/bin/bench start
2026-08-27 13:39:19,405 INFO /home/arivu/.local/bin/bench serve --port 8000
2026-08-27 13:39:19,405 INFO /home/arivu/.local/bin/bench socketio
2026-08-27 13:39:19,410 INFO /home/arivu/.local/bin/bench worker
2026-08-27 13:39:19,410 INFO /home/arivu/.local/bin/bench schedule
2026-08-27 13:39:19,413 INFO /home/arivu/.local/bin/bench watch
2026-08-27 14:14:18,169 INFO /home/arivu/.local/bin/bench start
2026-08-27 14:14:18,679 INFO /home/arivu/.local/bin/bench serve --port 8000
2026-08-27 14:14:18,682 INFO /home/arivu/.local/bin/bench watch
2026-08-27 14:14:18,684 INFO /home/arivu/.local/bin/bench schedule
2026-08-27 14:14:18,689 INFO /home/arivu/.local/bin/bench worker
2026-08-27 14:14:18,697 INFO /home/arivu/.local/bin/bench socketio
2026-08-27 14:15:36,422 INFO /home/arivu/.local/bin/bench --site practice.localhost clear-cache
2026-08-27 14:15:43,787 INFO /home/arivu/.local/bin/bench start
2026-08-27 14:15:44,356 INFO /home/arivu/.local/bin/bench schedule
2026-08-27 14:15:44,363 INFO /home/arivu/.local/bin/bench worker
2026-08-27 14:15:44,366 INFO /home/arivu/.local/bin/bench watch
2026-08-27 14:15:44,366 INFO /home/arivu/.local/bin/bench socketio
2026-08-27 14:15:44,370 INFO /home/arivu/.local/bin/bench serve --port 8000
2026-08-27 14:16:02,113 INFO /home/arivu/.local/bin/bench --site practice.localhost console
2026-08-27 14:17:35,907 INFO /home/arivu/.local/bin/bench start
2026-08-27 14:17:36,486 INFO /home/arivu/.local/bin/bench watch
2026-08-27 14:17:36,487 INFO /home/arivu/.local/bin/bench socketio
2026-08-27 14:17:36,501 INFO /home/arivu/.local/bin/bench worker
2026-08-27 14:17:36,505 INFO /home/arivu/.local/bin/bench schedule
2026-08-27 14:17:36,509 INFO /home/arivu/.local/bin/bench serve --port 8000
2026-08-27 14:17:45,353 INFO /home/arivu/.local/bin/bench --site practice.localhost console
2026-08-27 14:19:32,934 INFO /home/arivu/.local/bin/bench --site practice.localhost console
2026-08-27 14:21:13,892 INFO /home/arivu/.local/bin/bench start
2026-08-27 14:21:14,459 INFO /home/arivu/.local/bin/bench socketio
2026-08-27 14:21:14,459 INFO /home/arivu/.local/bin/bench serve --port 8000
2026-08-27 14:21:14,466 INFO /home/arivu/.local/bin/bench watch
2026-08-27 14:21:14,469 INFO /home/arivu/.local/bin/bench schedule
2026-08-27 14:21:14,482 INFO /home/arivu/.local/bin/bench worker
2026-08-27 14:21:20,253 INFO /home/arivu/.local/bin/bench --site practice.localhost console
2026-08-27 14:24:02,670 INFO /home/arivu/.local/bin/bench restart
2026-08-27 14:24:07,610 INFO /home/arivu/.local/bin/bench --site practice.localhost clear-cache
2026-08-27 14:24:12,007 INFO /home/arivu/.local/bin/bench --site practice.localhost console
2026-08-27 14:26:55,252 INFO /home/arivu/.local/bin/bench --site practice.localhost console
2026-08-27 14:29:42,071 INFO /home/arivu/.local/bin/bench --site practice.localhost clear-cache
2026-08-27 14:36:32,772 INFO /home/arivu/.local/bin/bench --site practice.localhost migrate
2026-08-27 14:41:12,591 INFO /home/arivu/.local/bin/bench migrate
2026-08-27 14:44:40,687 INFO /home/arivu/.local/bin/bench migrate
2026-08-27 14:45:36,409 INFO /home/arivu/.local/bin/bench --site practice.localhost migrate
2026-08-27 14:47:11,395 INFO /home/arivu/.local/bin/bench --site practice.localhost console
2026-08-27 14:48:23,230 INFO /home/arivu/.local/bin/bench --site practice.localhost migrate
2026-08-27 14:48:36,052 INFO /home/arivu/.local/bin/bench --site practice.localhost console
2026-08-27 14:54:07,268 INFO /home/arivu/.local/bin/bench --site practice.localhost console
2026-08-27 14:54:46,370 INFO /home/arivu/.local/bin/bench start
2026-08-27 14:54:46,950 INFO /home/arivu/.local/bin/bench serve --port 8000
2026-08-27 14:54:46,953 INFO /home/arivu/.local/bin/bench schedule
2026-08-27 14:54:46,962 INFO /home/arivu/.local/bin/bench socketio
2026-08-27 14:54:46,969 INFO /home/arivu/.local/bin/bench worker
2026-08-27 14:54:46,981 INFO /home/arivu/.local/bin/bench watch
2026-08-27 14:54:49,570 INFO /home/arivu/.local/bin/bench --site practice.localhost console
2026-08-27 14:55:50,559 INFO /home/arivu/.local/bin/bench --site practice.localhost console
2026-08-27 14:58:21,934 INFO /home/arivu/.local/bin/bench start
2026-08-27 14:58:22,543 INFO /home/arivu/.local/bin/bench socketio
2026-08-27 14:58:22,544 INFO /home/arivu/.local/bin/bench schedule
2026-08-27 14:58:22,548 INFO /home/arivu/.local/bin/bench serve --port 8000
2026-08-27 14:58:22,552 INFO /home/arivu/.local/bin/bench worker
2026-08-27 14:58:22,555 INFO /home/arivu/.local/bin/bench watch
2026-08-27 14:58:26,417 INFO /home/arivu/.local/bin/bench --site practice.localhost console
2026-08-27 15:00:40,395 INFO /home/arivu/.local/bin/bench start
2026-08-27 15:00:40,953 INFO /home/arivu/.local/bin/bench serve --port 8000
2026-08-27 15:00:40,962 INFO /home/arivu/.local/bin/bench worker
2026-08-27 15:00:40,963 INFO /home/arivu/.local/bin/bench socketio
2026-08-27 15:00:40,965 INFO /home/arivu/.local/bin/bench schedule
2026-08-27 15:00:40,965 INFO /home/arivu/.local/bin/bench watch
2026-08-27 15:00:43,913 INFO /home/arivu/.local/bin/bench --site practice.localhost console
2026-08-27 15:24:33,061 INFO /home/arivu/.local/bin/bench pip show click
2026-08-27 15:24:45,035 INFO /home/arivu/.local/bin/bench hello-app
2026-08-27 15:46:21,945 INFO /home/arivu/.local/bin/bench start
2026-08-27 15:46:37,760 INFO /home/arivu/.local/bin/bench setup production arivu
2026-08-27 15:46:37,761 WARNING superuser privileges required for this command
2026-08-27 15:47:41,081 INFO /home/arivu/.local/bin/bench setup production arivu
2026-08-27 15:47:41,105 DEBUG sudo /home/arivu/.local/share/uv/tools/frappe-bench/bin/python -m pip install ansible
2026-08-27 15:47:41,157 WARNING sudo /home/arivu/.local/share/uv/tools/frappe-bench/bin/python -m pip install ansible executed with exit code 1
2026-08-27 15:47:41,158 WARNING /home/arivu/.local/bin/bench setup production arivu executed with exit code 1
