2026-08-31 14:41:59,634 ERROR data_import Data Import Student Import on 2026-08-31 14:41:40.943090: row(s) [2] failed to import
Traceback (most recent call last):
  File "/home/arivu/frappe-v16-bench/apps/frappe/frappe/core/doctype/data_import/importer.py", line 154, in import_data
    doc = self.process_doc(doc)
  File "/home/arivu/frappe-v16-bench/apps/frappe/frappe/core/doctype/data_import/importer.py", line 272, in process_doc
    return self.update_record(doc)
           ~~~~~~~~~~~~~~~~~~^^^^^
  File "/home/arivu/frappe-v16-bench/apps/frappe/frappe/core/doctype/data_import/importer.py", line 296, in update_record
    existing_doc = frappe.get_doc(self.doctype, doc.get(id_field.fieldname))
  File "/home/arivu/frappe-v16-bench/apps/frappe/frappe/model/utils/__init__.py", line 225, in wrapper
    return dispatch(args[0])(*args, **kw)
           ~~~~~~~~~~~~~~~~~^^^^^^^^^^^^^
  File "/home/arivu/frappe-v16-bench/apps/frappe/frappe/model/document.py", line 144, in get_doc_str
    doc = controller(doctype, name, **kwargs)
  File "/home/arivu/frappe-v16-bench/apps/frappe/frappe/model/document.py", line 227, in __init__
    self.load_from_db()
    ~~~~~~~~~~~~~~~~~^^
  File "/home/arivu/frappe-v16-bench/apps/frappe/frappe/model/document.py", line 295, in load_from_db
    frappe.throw(
    ~~~~~~~~~~~~^
    	_("{0} {1} not found").format(_(self.doctype), self.name),
     ^^^^^^^^^^^^^^^^^^^^^^^^^^^^^^^^^^^^^^^^^^^^^^^^^^^^^^^^^^
    	frappe.DoesNotExistError(doctype=self.doctype),
     ^^^^^^^^^^^^^^^^^^^^^^^^^^^^^^^^^^^^^^^^^^^^^^^
    )
    ^
  File "/home/arivu/frappe-v16-bench/apps/frappe/frappe/utils/messages.py", line 159, in throw
    msgprint(
    ~~~~~~~~^
    	msg,
     ^^^^
    ...<7 lines>...
    	allow_dangerous_html=allow_dangerous_html,
     ^^^^^^^^^^^^^^^^^^^^^^^^^^^^^^^^^^^^^^^^^^
    )
    ^
  File "/home/arivu/frappe-v16-bench/apps/frappe/frappe/utils/messages.py", line 118, in msgprint
    _raise_exception()
    ~~~~~~~~~~~~~~~~^^
  File "/home/arivu/frappe-v16-bench/apps/frappe/frappe/utils/messages.py", line 59, in _raise_exception
    raise exc
frappe.exceptions.DoesNotExistError: Student None not found
2026-08-31 14:41:59,637 ERROR data_import Data Import Student Import on 2026-08-31 14:41:40.943090: row(s) [3] failed to import
Traceback (most recent call last):
  File "/home/arivu/frappe-v16-bench/apps/frappe/frappe/core/doctype/data_import/importer.py", line 154, in import_data
    doc = self.process_doc(doc)
  File "/home/arivu/frappe-v16-bench/apps/frappe/frappe/core/doctype/data_import/importer.py", line 272, in process_doc
    return self.update_record(doc)
           ~~~~~~~~~~~~~~~~~~^^^^^
  File "/home/arivu/frappe-v16-bench/apps/frappe/frappe/core/doctype/data_import/importer.py", line 296, in update_record
    existing_doc = frappe.get_doc(self.doctype, doc.get(id_field.fieldname))
  File "/home/arivu/frappe-v16-bench/apps/frappe/frappe/model/utils/__init__.py", line 225, in wrapper
    return dispatch(args[0])(*args, **kw)
           ~~~~~~~~~~~~~~~~~^^^^^^^^^^^^^
  File "/home/arivu/frappe-v16-bench/apps/frappe/frappe/model/document.py", line 144, in get_doc_str
    doc = controller(doctype, name, **kwargs)
  File "/home/arivu/frappe-v16-bench/apps/frappe/frappe/model/document.py", line 227, in __init__
    self.load_from_db()
    ~~~~~~~~~~~~~~~~~^^
  File "/home/arivu/frappe-v16-bench/apps/frappe/frappe/model/document.py", line 295, in load_from_db
    frappe.throw(
    ~~~~~~~~~~~~^
    	_("{0} {1} not found").format(_(self.doctype), self.name),
     ^^^^^^^^^^^^^^^^^^^^^^^^^^^^^^^^^^^^^^^^^^^^^^^^^^^^^^^^^^
    	frappe.DoesNotExistError(doctype=self.doctype),
     ^^^^^^^^^^^^^^^^^^^^^^^^^^^^^^^^^^^^^^^^^^^^^^^
    )
    ^
  File "/home/arivu/frappe-v16-bench/apps/frappe/frappe/utils/messages.py", line 159, in throw
    msgprint(
    ~~~~~~~~^
    	msg,
     ^^^^
    ...<7 lines>...
    	allow_dangerous_html=allow_dangerous_html,
     ^^^^^^^^^^^^^^^^^^^^^^^^^^^^^^^^^^^^^^^^^^
    )
    ^
  File "/home/arivu/frappe-v16-bench/apps/frappe/frappe/utils/messages.py", line 118, in msgprint
    _raise_exception()
    ~~~~~~~~~~~~~~~~^^
  File "/home/arivu/frappe-v16-bench/apps/frappe/frappe/utils/messages.py", line 59, in _raise_exception
    raise exc
frappe.exceptions.DoesNotExistError: Student None not found
2026-08-31 14:41:59,639 ERROR data_import Data Import Student Import on 2026-08-31 14:41:40.943090: row(s) [4] failed to import
Traceback (most recent call last):
  File "/home/arivu/frappe-v16-bench/apps/frappe/frappe/core/doctype/data_import/importer.py", line 154, in import_data
    doc = self.process_doc(doc)
  File "/home/arivu/frappe-v16-bench/apps/frappe/frappe/core/doctype/data_import/importer.py", line 272, in process_doc
    return self.update_record(doc)
           ~~~~~~~~~~~~~~~~~~^^^^^
  File "/home/arivu/frappe-v16-bench/apps/frappe/frappe/core/doctype/data_import/importer.py", line 296, in update_record
    existing_doc = frappe.get_doc(self.doctype, doc.get(id_field.fieldname))
  File "/home/arivu/frappe-v16-bench/apps/frappe/frappe/model/utils/__init__.py", line 225, in wrapper
    return dispatch(args[0])(*args, **kw)
           ~~~~~~~~~~~~~~~~~^^^^^^^^^^^^^
  File "/home/arivu/frappe-v16-bench/apps/frappe/frappe/model/document.py", line 144, in get_doc_str
    doc = controller(doctype, name, **kwargs)
  File "/home/arivu/frappe-v16-bench/apps/frappe/frappe/model/document.py", line 227, in __init__
    self.load_from_db()
    ~~~~~~~~~~~~~~~~~^^
  File "/home/arivu/frappe-v16-bench/apps/frappe/frappe/model/document.py", line 295, in load_from_db
    frappe.throw(
    ~~~~~~~~~~~~^
    	_("{0} {1} not found").format(_(self.doctype), self.name),
     ^^^^^^^^^^^^^^^^^^^^^^^^^^^^^^^^^^^^^^^^^^^^^^^^^^^^^^^^^^
    	frappe.DoesNotExistError(doctype=self.doctype),
     ^^^^^^^^^^^^^^^^^^^^^^^^^^^^^^^^^^^^^^^^^^^^^^^
    )
    ^
  File "/home/arivu/frappe-v16-bench/apps/frappe/frappe/utils/messages.py", line 159, in throw
    msgprint(
    ~~~~~~~~^
    	msg,
     ^^^^
    ...<7 lines>...
    	allow_dangerous_html=allow_dangerous_html,
     ^^^^^^^^^^^^^^^^^^^^^^^^^^^^^^^^^^^^^^^^^^
    )
    ^
  File "/home/arivu/frappe-v16-bench/apps/frappe/frappe/utils/messages.py", line 118, in msgprint
    _raise_exception()
    ~~~~~~~~~~~~~~~~^^
  File "/home/arivu/frappe-v16-bench/apps/frappe/frappe/utils/messages.py", line 59, in _raise_exception
    raise exc
frappe.exceptions.DoesNotExistError: Student None not found
2026-08-31 14:41:59,641 ERROR data_import Data Import Student Import on 2026-08-31 14:41:40.943090: row(s) [5] failed to import
Traceback (most recent call last):
  File "/home/arivu/frappe-v16-bench/apps/frappe/frappe/core/doctype/data_import/importer.py", line 154, in import_data
    doc = self.process_doc(doc)
  File "/home/arivu/frappe-v16-bench/apps/frappe/frappe/core/doctype/data_import/importer.py", line 272, in process_doc
    return self.update_record(doc)
           ~~~~~~~~~~~~~~~~~~^^^^^
  File "/home/arivu/frappe-v16-bench/apps/frappe/frappe/core/doctype/data_import/importer.py", line 296, in update_record
    existing_doc = frappe.get_doc(self.doctype, doc.get(id_field.fieldname))
  File "/home/arivu/frappe-v16-bench/apps/frappe/frappe/model/utils/__init__.py", line 225, in wrapper
    return dispatch(args[0])(*args, **kw)
           ~~~~~~~~~~~~~~~~~^^^^^^^^^^^^^
  File "/home/arivu/frappe-v16-bench/apps/frappe/frappe/model/document.py", line 144, in get_doc_str
    doc = controller(doctype, name, **kwargs)
  File "/home/arivu/frappe-v16-bench/apps/frappe/frappe/model/document.py", line 227, in __init__
    self.load_from_db()
    ~~~~~~~~~~~~~~~~~^^
  File "/home/arivu/frappe-v16-bench/apps/frappe/frappe/model/document.py", line 295, in load_from_db
    frappe.throw(
    ~~~~~~~~~~~~^
    	_("{0} {1} not found").format(_(self.doctype), self.name),
     ^^^^^^^^^^^^^^^^^^^^^^^^^^^^^^^^^^^^^^^^^^^^^^^^^^^^^^^^^^
    	frappe.DoesNotExistError(doctype=self.doctype),
     ^^^^^^^^^^^^^^^^^^^^^^^^^^^^^^^^^^^^^^^^^^^^^^^
    )
    ^
  File "/home/arivu/frappe-v16-bench/apps/frappe/frappe/utils/messages.py", line 159, in throw
    msgprint(
    ~~~~~~~~^
    	msg,
     ^^^^
    ...<7 lines>...
    	allow_dangerous_html=allow_dangerous_html,
     ^^^^^^^^^^^^^^^^^^^^^^^^^^^^^^^^^^^^^^^^^^
    )
    ^
  File "/home/arivu/frappe-v16-bench/apps/frappe/frappe/utils/messages.py", line 118, in msgprint
    _raise_exception()
    ~~~~~~~~~~~~~~~~^^
  File "/home/arivu/frappe-v16-bench/apps/frappe/frappe/utils/messages.py", line 59, in _raise_exception
    raise exc
frappe.exceptions.DoesNotExistError: Student None not found
2026-08-31 14:42:08,988 ERROR data_import Data Import Student Import on 2026-08-31 14:41:40.943090: row(s) [2] failed to import
Traceback (most recent call last):
  File "/home/arivu/frappe-v16-bench/apps/frappe/frappe/core/doctype/data_import/importer.py", line 154, in import_data
    doc = self.process_doc(doc)
  File "/home/arivu/frappe-v16-bench/apps/frappe/frappe/core/doctype/data_import/importer.py", line 272, in process_doc
    return self.update_record(doc)
           ~~~~~~~~~~~~~~~~~~^^^^^
  File "/home/arivu/frappe-v16-bench/apps/frappe/frappe/core/doctype/data_import/importer.py", line 296, in update_record
    existing_doc = frappe.get_doc(self.doctype, doc.get(id_field.fieldname))
  File "/home/arivu/frappe-v16-bench/apps/frappe/frappe/model/utils/__init__.py", line 225, in wrapper
    return dispatch(args[0])(*args, **kw)
           ~~~~~~~~~~~~~~~~~^^^^^^^^^^^^^
  File "/home/arivu/frappe-v16-bench/apps/frappe/frappe/model/document.py", line 144, in get_doc_str
    doc = controller(doctype, name, **kwargs)
  File "/home/arivu/frappe-v16-bench/apps/frappe/frappe/model/document.py", line 227, in __init__
    self.load_from_db()
    ~~~~~~~~~~~~~~~~~^^
  File "/home/arivu/frappe-v16-bench/apps/frappe/frappe/model/document.py", line 295, in load_from_db
    frappe.throw(
    ~~~~~~~~~~~~^
    	_("{0} {1} not found").format(_(self.doctype), self.name),
     ^^^^^^^^^^^^^^^^^^^^^^^^^^^^^^^^^^^^^^^^^^^^^^^^^^^^^^^^^^
    	frappe.DoesNotExistError(doctype=self.doctype),
     ^^^^^^^^^^^^^^^^^^^^^^^^^^^^^^^^^^^^^^^^^^^^^^^
    )
    ^
  File "/home/arivu/frappe-v16-bench/apps/frappe/frappe/utils/messages.py", line 159, in throw
    msgprint(
    ~~~~~~~~^
    	msg,
     ^^^^
    ...<7 lines>...
    	allow_dangerous_html=allow_dangerous_html,
     ^^^^^^^^^^^^^^^^^^^^^^^^^^^^^^^^^^^^^^^^^^
    )
    ^
  File "/home/arivu/frappe-v16-bench/apps/frappe/frappe/utils/messages.py", line 118, in msgprint
    _raise_exception()
    ~~~~~~~~~~~~~~~~^^
  File "/home/arivu/frappe-v16-bench/apps/frappe/frappe/utils/messages.py", line 59, in _raise_exception
    raise exc
frappe.exceptions.DoesNotExistError: Student None not found
2026-08-31 14:42:08,990 ERROR data_import Data Import Student Import on 2026-08-31 14:41:40.943090: row(s) [3] failed to import
Traceback (most recent call last):
  File "/home/arivu/frappe-v16-bench/apps/frappe/frappe/core/doctype/data_import/importer.py", line 154, in import_data
    doc = self.process_doc(doc)
  File "/home/arivu/frappe-v16-bench/apps/frappe/frappe/core/doctype/data_import/importer.py", line 272, in process_doc
    return self.update_record(doc)
           ~~~~~~~~~~~~~~~~~~^^^^^
  File "/home/arivu/frappe-v16-bench/apps/frappe/frappe/core/doctype/data_import/importer.py", line 296, in update_record
    existing_doc = frappe.get_doc(self.doctype, doc.get(id_field.fieldname))
  File "/home/arivu/frappe-v16-bench/apps/frappe/frappe/model/utils/__init__.py", line 225, in wrapper
    return dispatch(args[0])(*args, **kw)
           ~~~~~~~~~~~~~~~~~^^^^^^^^^^^^^
  File "/home/arivu/frappe-v16-bench/apps/frappe/frappe/model/document.py", line 144, in get_doc_str
    doc = controller(doctype, name, **kwargs)
  File "/home/arivu/frappe-v16-bench/apps/frappe/frappe/model/document.py", line 227, in __init__
    self.load_from_db()
    ~~~~~~~~~~~~~~~~~^^
  File "/home/arivu/frappe-v16-bench/apps/frappe/frappe/model/document.py", line 295, in load_from_db
    frappe.throw(
    ~~~~~~~~~~~~^
    	_("{0} {1} not found").format(_(self.doctype), self.name),
     ^^^^^^^^^^^^^^^^^^^^^^^^^^^^^^^^^^^^^^^^^^^^^^^^^^^^^^^^^^
    	frappe.DoesNotExistError(doctype=self.doctype),
     ^^^^^^^^^^^^^^^^^^^^^^^^^^^^^^^^^^^^^^^^^^^^^^^
    )
    ^
  File "/home/arivu/frappe-v16-bench/apps/frappe/frappe/utils/messages.py", line 159, in throw
    msgprint(
    ~~~~~~~~^
    	msg,
     ^^^^
    ...<7 lines>...
    	allow_dangerous_html=allow_dangerous_html,
     ^^^^^^^^^^^^^^^^^^^^^^^^^^^^^^^^^^^^^^^^^^
    )
    ^
  File "/home/arivu/frappe-v16-bench/apps/frappe/frappe/utils/messages.py", line 118, in msgprint
    _raise_exception()
    ~~~~~~~~~~~~~~~~^^
  File "/home/arivu/frappe-v16-bench/apps/frappe/frappe/utils/messages.py", line 59, in _raise_exception
    raise exc
frappe.exceptions.DoesNotExistError: Student None not found
2026-08-31 14:42:08,992 ERROR data_import Data Import Student Import on 2026-08-31 14:41:40.943090: row(s) [4] failed to import
Traceback (most recent call last):
  File "/home/arivu/frappe-v16-bench/apps/frappe/frappe/core/doctype/data_import/importer.py", line 154, in import_data
    doc = self.process_doc(doc)
  File "/home/arivu/frappe-v16-bench/apps/frappe/frappe/core/doctype/data_import/importer.py", line 272, in process_doc
    return self.update_record(doc)
           ~~~~~~~~~~~~~~~~~~^^^^^
  File "/home/arivu/frappe-v16-bench/apps/frappe/frappe/core/doctype/data_import/importer.py", line 296, in update_record
    existing_doc = frappe.get_doc(self.doctype, doc.get(id_field.fieldname))
  File "/home/arivu/frappe-v16-bench/apps/frappe/frappe/model/utils/__init__.py", line 225, in wrapper
    return dispatch(args[0])(*args, **kw)
           ~~~~~~~~~~~~~~~~~^^^^^^^^^^^^^
  File "/home/arivu/frappe-v16-bench/apps/frappe/frappe/model/document.py", line 144, in get_doc_str
    doc = controller(doctype, name, **kwargs)
  File "/home/arivu/frappe-v16-bench/apps/frappe/frappe/model/document.py", line 227, in __init__
    self.load_from_db()
    ~~~~~~~~~~~~~~~~~^^
  File "/home/arivu/frappe-v16-bench/apps/frappe/frappe/model/document.py", line 295, in load_from_db
    frappe.throw(
    ~~~~~~~~~~~~^
    	_("{0} {1} not found").format(_(self.doctype), self.name),
     ^^^^^^^^^^^^^^^^^^^^^^^^^^^^^^^^^^^^^^^^^^^^^^^^^^^^^^^^^^
    	frappe.DoesNotExistError(doctype=self.doctype),
     ^^^^^^^^^^^^^^^^^^^^^^^^^^^^^^^^^^^^^^^^^^^^^^^
    )
    ^
  File "/home/arivu/frappe-v16-bench/apps/frappe/frappe/utils/messages.py", line 159, in throw
    msgprint(
    ~~~~~~~~^
    	msg,
     ^^^^
    ...<7 lines>...
    	allow_dangerous_html=allow_dangerous_html,
     ^^^^^^^^^^^^^^^^^^^^^^^^^^^^^^^^^^^^^^^^^^
    )
    ^
  File "/home/arivu/frappe-v16-bench/apps/frappe/frappe/utils/messages.py", line 118, in msgprint
    _raise_exception()
    ~~~~~~~~~~~~~~~~^^
  File "/home/arivu/frappe-v16-bench/apps/frappe/frappe/utils/messages.py", line 59, in _raise_exception
    raise exc
frappe.exceptions.DoesNotExistError: Student None not found
2026-08-31 14:42:08,994 ERROR data_import Data Import Student Import on 2026-08-31 14:41:40.943090: row(s) [5] failed to import
Traceback (most recent call last):
  File "/home/arivu/frappe-v16-bench/apps/frappe/frappe/core/doctype/data_import/importer.py", line 154, in import_data
    doc = self.process_doc(doc)
  File "/home/arivu/frappe-v16-bench/apps/frappe/frappe/core/doctype/data_import/importer.py", line 272, in process_doc
    return self.update_record(doc)
           ~~~~~~~~~~~~~~~~~~^^^^^
  File "/home/arivu/frappe-v16-bench/apps/frappe/frappe/core/doctype/data_import/importer.py", line 296, in update_record
    existing_doc = frappe.get_doc(self.doctype, doc.get(id_field.fieldname))
  File "/home/arivu/frappe-v16-bench/apps/frappe/frappe/model/utils/__init__.py", line 225, in wrapper
    return dispatch(args[0])(*args, **kw)
           ~~~~~~~~~~~~~~~~~^^^^^^^^^^^^^
  File "/home/arivu/frappe-v16-bench/apps/frappe/frappe/model/document.py", line 144, in get_doc_str
    doc = controller(doctype, name, **kwargs)
  File "/home/arivu/frappe-v16-bench/apps/frappe/frappe/model/document.py", line 227, in __init__
    self.load_from_db()
    ~~~~~~~~~~~~~~~~~^^
  File "/home/arivu/frappe-v16-bench/apps/frappe/frappe/model/document.py", line 295, in load_from_db
    frappe.throw(
    ~~~~~~~~~~~~^
    	_("{0} {1} not found").format(_(self.doctype), self.name),
     ^^^^^^^^^^^^^^^^^^^^^^^^^^^^^^^^^^^^^^^^^^^^^^^^^^^^^^^^^^
    	frappe.DoesNotExistError(doctype=self.doctype),
     ^^^^^^^^^^^^^^^^^^^^^^^^^^^^^^^^^^^^^^^^^^^^^^^
    )
    ^
  File "/home/arivu/frappe-v16-bench/apps/frappe/frappe/utils/messages.py", line 159, in throw
    msgprint(
    ~~~~~~~~^
    	msg,
     ^^^^
    ...<7 lines>...
    	allow_dangerous_html=allow_dangerous_html,
     ^^^^^^^^^^^^^^^^^^^^^^^^^^^^^^^^^^^^^^^^^^
    )
    ^
  File "/home/arivu/frappe-v16-bench/apps/frappe/frappe/utils/messages.py", line 118, in msgprint
    _raise_exception()
    ~~~~~~~~~~~~~~~~^^
  File "/home/arivu/frappe-v16-bench/apps/frappe/frappe/utils/messages.py", line 59, in _raise_exception
    raise exc
frappe.exceptions.DoesNotExistError: Student None not found
