2026-08-06 12:59:07,972 INFO ipython === bench console session ===
2026-08-06 12:59:07,972 INFO ipython frappe.conf.developer_mode
2026-08-06 12:59:07,972 INFO ipython === session end ===
2026-08-06 12:59:20,044 INFO ipython === bench console session ===
2026-08-06 12:59:20,046 INFO ipython === session end ===
2026-08-06 15:41:05,369 INFO ipython === bench console session ===
2026-08-06 15:41:05,369 INFO ipython doc = frappe.new_doc("ToDo")
doc.description = "Learn Frappe ORM"
doc.insert()
doc.name
2026-08-06 15:41:05,369 INFO ipython doc = frappe.get_doc("ToDo", "3sftgfarpu")
doc.description = "Master Frappe ORM"
doc.has_value_changed("description")
2026-08-06 15:41:05,369 INFO ipython frappe.db.exists("ToDo", "3sftgfarpu")
2026-08-06 15:41:05,369 INFO ipython doc = frappe.get_doc("ToDo", "3sftgfarpu")
doc.as_dict()
2026-08-06 15:41:05,370 INFO ipython frappe.local.site
2026-08-06 15:41:05,370 INFO ipython frappe.session.user
2026-08-06 15:41:05,370 INFO ipython doc.save()
2026-08-06 15:41:05,370 INFO ipython doc.as_dict()
2026-08-06 15:41:05,370 INFO ipython === session end ===
2026-08-14 11:39:22,331 INFO ipython === bench console session ===
2026-08-14 11:39:22,340 INFO ipython import frappe

frappe.get_attr(
    "frappe.custom.doctype.order.order.get_order_items"
)
2026-08-14 11:39:22,341 INFO ipython === session end ===
2026-08-17 15:02:59,360 INFO ipython === bench console session ===
2026-08-17 15:02:59,369 INFO ipython import frappe
frappe.enqueue("scheduler_practice.api.every_minute")
2026-08-17 15:02:59,369 INFO ipython import frappe
frappe.enqueue("scheduler_practice.api.every_minute")
2026-08-17 15:02:59,369 INFO ipython === session end ===
2026-08-17 15:08:14,855 INFO ipython === bench console session ===
2026-08-17 15:08:14,856 INFO ipython frappe.enqueue("scheduler_practice.api.every_minute")
2026-08-17 15:08:14,856 INFO ipython frappe.db.commit()
2026-08-17 15:08:14,856 INFO ipython === session end ===
2026-08-17 15:09:18,926 INFO ipython === bench console session ===
2026-08-17 15:09:18,927 INFO ipython frappe.enqueue("scheduler_practice.api.every_minute")
2026-08-17 15:09:18,927 INFO ipython === session end ===
2026-08-17 15:10:10,950 INFO ipython === bench console session ===
2026-08-17 15:10:10,951 INFO ipython frappe.enqueue("scheduler_practice.api.every_minute")
2026-08-17 15:10:10,951 INFO ipython === session end ===
2026-08-17 15:11:19,475 INFO ipython === bench console session ===
2026-08-17 15:11:19,476 INFO ipython from frappe.utils.background_jobs import get_queue

q = get_queue("short")
print(q.count)
2026-08-17 15:11:19,476 INFO ipython q = get_queue("default")
print(q.count)
2026-08-17 15:11:19,476 INFO ipython q = get_queue("long")
print(q.count)
2026-08-17 15:11:19,476 INFO ipython === session end ===
2026-08-17 15:15:49,593 INFO ipython === bench console session ===
2026-08-17 15:15:49,593 INFO ipython frappe.enqueue(
    "scheduler_practice.api.test_worker",
    queue="long"
)
2026-08-17 15:15:49,593 INFO ipython q = get_queue("long")
print(q.count)
2026-08-17 15:15:49,593 INFO ipython q = get_queue("long")
print(q.count)
2026-08-17 15:15:49,593 INFO ipython === session end ===
2026-08-17 15:34:39,695 INFO ipython === bench console session ===
2026-08-17 15:34:39,695 INFO ipython import frappe

frappe.get_hooks("scheduler_events")
2026-08-17 15:34:39,696 INFO ipython === session end ===
2026-08-27 14:17:43,586 INFO ipython === bench console session ===
2026-08-27 14:17:43,586 INFO ipython import aerele_assignment.api
2026-08-27 14:17:43,586 INFO ipython aerele_assignment.api.update_test_documents
2026-08-27 14:17:43,586 INFO ipython import frappe

frappe.is_whitelisted(aerele_assignment.api.update_test_documents)
2026-08-27 14:17:43,586 INFO ipython import frappe

frappe.is_whitelisted(aerele_assignment.api.update_test_documents)
2026-08-27 14:17:43,586 INFO ipython aerele_assignment.api.update_test_documents.is_whitelisted
2026-08-27 14:17:43,586 INFO ipython aerele_assignment.api.update_test_documents.is_whitelisted
2026-08-27 14:17:43,587 INFO ipython === session end ===
2026-08-27 14:19:17,620 INFO ipython === bench console session ===
2026-08-27 14:19:17,621 INFO ipython aerele_assignment.api.update_test_documents.is_whitelisted
2026-08-27 14:19:17,621 INFO ipython import aerele_assignment.api
2026-08-27 14:19:17,621 INFO ipython aerele_assignment.api.update_test_documents.is_whitelisted
2026-08-27 14:19:17,621 INFO ipython === session end ===
2026-08-27 14:21:00,821 INFO ipython === bench console session ===
2026-08-27 14:21:00,822 INFO ipython import aerele_assignment.api

aerele_assignment.api.update_test_documents
2026-08-27 14:21:00,822 INFO ipython aerele_assignment.api.update_test_documents.__dict__
2026-08-27 14:21:00,822 INFO ipython frappe.is_whitelisted(aerele_assignment.api.update_test_documents)
2026-08-27 14:21:00,822 INFO ipython === session end ===
2026-08-27 14:22:32,518 INFO ipython === bench console session ===
2026-08-27 14:22:32,518 INFO ipython import frappe
import aerele_assignment.api

frappe.is_whitelisted(aerele_assignment.api.update_test_documents)
2026-08-27 14:22:32,518 INFO ipython print(frappe.is_whitelisted(aerele_assignment.api.update_test_documents))
2026-08-27 14:22:32,518 INFO ipython print(frappe.is_whitelisted(aerele_assignment.api.update_test_documents))
2026-08-27 14:22:32,518 INFO ipython === session end ===
2026-08-27 14:26:31,014 INFO ipython === bench console session ===
2026-08-27 14:26:31,014 INFO ipython import frappe
import aerele_assignment.api

frappe.is_whitelisted(aerele_assignment.api.update_test_documents)
2026-08-27 14:26:31,014 INFO ipython print(frappe.is_whitelisted(aerele_assignment.api.update_test_documents))
2026-08-27 14:26:31,015 INFO ipython print(aerele_assignment.api.update_test_documents)
print(aerele_assignment.api.update_test_documents.whitelisted)
2026-08-27 14:26:31,015 INFO ipython grep -n -B2 -A5 "update_test_documents" apps/aerele_assignment/aerele_assignment/api.py
2026-08-27 14:26:31,015 INFO ipython === session end ===
2026-08-27 14:29:22,235 INFO ipython === bench console session ===
2026-08-27 14:29:22,235 INFO ipython import frappe
print(frappe.whitelist)
2026-08-27 14:29:22,235 INFO ipython import aerele_assignment.api
print(aerele_assignment.api.__file__)
2026-08-27 14:29:22,236 INFO ipython import frappe
import aerele_assignment.api

print(frappe.is_whitelisted(aerele_assignment.api.update_test_documents))
print(frappe.get_attr("aerele_assignment.api.update_test_documents"))
2026-08-27 14:29:22,236 INFO ipython import inspect
print(inspect.getsource(frappe.whitelist))
2026-08-27 14:29:22,236 INFO ipython print(aerele_assignment.api.update_test_documents in frappe.whitelisted)
2026-08-27 14:29:22,236 INFO ipython print(len(frappe.whitelisted))
2026-08-27 14:29:22,236 INFO ipython print([x for x in frappe.whitelisted if getattr(x, "__name__", None) == "update_test_documents"])
2026-08-27 14:29:22,236 INFO ipython print(aerele_assignment.api.update_test_documents in frappe.whitelisted)

print([
    x for x in frappe.whitelisted
    if getattr(x, "__name__", None) == "update_test_documents"
])

print(frappe.is_whitelisted(aerele_assignment.api.update_test_documents))
2026-08-27 14:29:22,236 INFO ipython === session end ===
2026-08-27 14:48:19,125 INFO ipython === bench console session ===
2026-08-27 14:48:19,125 INFO ipython frappe.get_all(
    "Scheduled Job Type",
    filters={"method": "aerele_assignment.tasks.daily_maintenance"},
    fields=["name", "method", "frequency", "stopped"]
)
2026-08-27 14:48:19,125 INFO ipython from aerele_assignment.tasks import daily_maintenance
daily_maintenance()
2026-08-27 14:48:19,125 INFO ipython === session end ===
2026-08-27 14:50:14,888 INFO ipython === bench console session ===
2026-08-27 14:50:14,888 INFO ipython frappe.get_all(
   "Scheduled Job Type",
    filters={"method": "aerele_assignment.tasks.daily_maintenance"},
    fields=["name", "method", "frequency", "stopped"]
)
2026-08-27 14:50:14,889 INFO ipython from aerele_assignment.tasks import daily_maintenance
daily_maintenance()
2026-08-27 14:50:14,889 INFO ipython frappe.get_all(
    "Scheduled Job Type",
    filters={"method": "aerele_assignment.tasks.daily_maintenance"},
    fields=["name", "method", "frequency", "stopped"]
)
2026-08-27 14:50:14,889 INFO ipython from aerele_assignment.tasks import daily_maintenance
daily_maintenance()
2026-08-27 14:50:14,889 INFO ipython === session end ===
2026-08-27 14:54:40,032 INFO ipython === bench console session ===
2026-08-27 14:54:40,032 INFO ipython import aerele_assignment.api

print(aerele_assignment.api.get_recent_todos)
print(frappe.is_whitelisted(aerele_assignment.api.get_recent_todos))
2026-08-27 14:54:40,032 INFO ipython === session end ===
2026-08-27 14:58:16,365 INFO ipython === bench console session ===
2026-08-27 14:58:16,365 INFO ipython import aerele_assignment.api
print(frappe.is_whitelisted(aerele_assignment.api.update_test_documents))
aerele_assignment.api.get_recent_todos()
2026-08-27 14:58:16,365 INFO ipython import aerele_assignment.api
print(frappe.is_whitelisted(aerele_assignment.api.update_test_documents))
aerele_assignment.api.update_test_documents()
2026-08-27 14:58:16,365 INFO ipython import aerele_assignment.api
print(frappe.is_whitelisted(aerele_assignment.api.update_test_documents))
aerele_assignment.api.update_test_documents()
2026-08-27 14:58:16,366 INFO ipython import aerele_assignment.api
print(frappe.is_whitelisted(aerele_assignment.api.update_test_documents))
aerele_assignment.api.update_test_documents()
2026-08-27 14:58:16,366 INFO ipython === session end ===
2026-08-27 15:00:33,985 INFO ipython === bench console session ===
2026-08-27 15:00:33,985 INFO ipython import aerele_assignment.api
print(frappe.is_whitelisted(aerele_assignment.api.update_test_documents))
aerele_assignment.api.update_test_documents()
2026-08-27 15:00:33,985 INFO ipython === session end ===
2026-08-27 15:01:24,469 INFO ipython === bench console session ===
2026-08-27 15:01:24,469 INFO ipython aerele_assignment.api.update_test_documents()
2026-08-27 15:01:24,470 INFO ipython import inspect
print(inspect.getsource(aerele_assignment.api.get_recent_todos))
2026-08-27 15:01:24,470 INFO ipython import aerele_assignment.api
2026-08-27 15:01:24,470 INFO ipython aerele_assignment.api.update_test_documents()
2026-08-27 15:01:24,470 INFO ipython === session end ===
