2026-08-06 11:18:01,600 ERROR scheduler Exception in Enqueue Events for Site practice.localhost
Traceback (most recent call last):
  File "/usr/lib/python3.14/zoneinfo/_common.py", line 12, in load_tzdata
    path = resources.files(package_name).joinpath(resource_name)
           ~~~~~~~~~~~~~~~^^^^^^^^^^^^^^
  File "/usr/lib/python3.14/importlib/resources/_common.py", line 46, in wrapper
    return func(anchor)
  File "/usr/lib/python3.14/importlib/resources/_common.py", line 56, in files
    return from_package(resolve(anchor))
                        ~~~~~~~^^^^^^^^
  File "/usr/lib/python3.14/functools.py", line 982, in wrapper
    return dispatch(args[0].__class__)(*args, **kw)
           ~~~~~~~~~~~~~~~~~~~~~~~~~~~^^^^^^^^^^^^^
  File "/usr/lib/python3.14/importlib/resources/_common.py", line 82, in _
    return importlib.import_module(cand)
           ~~~~~~~~~~~~~~~~~~~~~~~^^^^^^
  File "/usr/lib/python3.14/importlib/__init__.py", line 88, in import_module
    return _bootstrap._gcd_import(name[level:], package, level)
           ~~~~~~~~~~~~~~~~~~~~~~^^^^^^^^^^^^^^^^^^^^^^^^^^^^^^
  File "<frozen importlib._bootstrap>", line 1406, in _gcd_import
  File "<frozen importlib._bootstrap>", line 1371, in _find_and_load
  File "<frozen importlib._bootstrap>", line 1314, in _find_and_load_unlocked
  File "<frozen importlib._bootstrap>", line 491, in _call_with_frames_removed
  File "<frozen importlib._bootstrap>", line 1406, in _gcd_import
  File "<frozen importlib._bootstrap>", line 1371, in _find_and_load
  File "<frozen importlib._bootstrap>", line 1314, in _find_and_load_unlocked
  File "<frozen importlib._bootstrap>", line 491, in _call_with_frames_removed
  File "<frozen importlib._bootstrap>", line 1406, in _gcd_import
  File "<frozen importlib._bootstrap>", line 1371, in _find_and_load
  File "<frozen importlib._bootstrap>", line 1335, in _find_and_load_unlocked
ModuleNotFoundError: No module named 'tzdata'

During handling of the above exception, another exception occurred:

Traceback (most recent call last):
  File "/home/arivu/frappe-v16-bench/apps/frappe/frappe/utils/scheduler.py", line 120, in enqueue_events_for_site
    enqueue_events()
    ~~~~~~~~~~~~~~^^
  File "/home/arivu/frappe-v16-bench/apps/frappe/frappe/utils/scheduler.py", line 140, in enqueue_events
    if job_type.enqueue():
       ~~~~~~~~~~~~~~~~^^
  File "/home/arivu/frappe-v16-bench/apps/frappe/frappe/core/doctype/scheduled_job_type/scheduled_job_type.py", line 73, in enqueue
    if self.is_event_due() or force:
       ~~~~~~~~~~~~~~~~~^^
  File "/home/arivu/frappe-v16-bench/apps/frappe/frappe/core/doctype/scheduled_job_type/scheduled_job_type.py", line 93, in is_event_due
    return self.get_next_execution() <= (current_time or now_datetime())
                                                         ~~~~~~~~~~~~^^
  File "/home/arivu/frappe-v16-bench/apps/frappe/frappe/utils/data.py", line 373, in now_datetime
    return datetime.datetime.now(ZoneInfo(get_system_timezone())).replace(tzinfo=None)
                                 ~~~~~~~~^^^^^^^^^^^^^^^^^^^^^^^
  File "/usr/lib/python3.14/zoneinfo/_common.py", line 29, in load_tzdata
    raise ZoneInfoNotFoundError(f"No time zone found with key {key}")
zoneinfo._common.ZoneInfoNotFoundError: 'No time zone found with key Asia/Calcutta'
2026-09-01 15:30:00,125 ERROR scheduler Skipped queueing frappe.email.doctype.notification.notification.trigger_offset_alerts because it was found in queue for practice.localhost
2026-09-01 15:30:00,136 ERROR scheduler Skipped queueing frappe.monitor.flush because it was found in queue for practice.localhost
2026-09-01 15:30:00,138 ERROR scheduler Skipped queueing frappe.email.queue.flush because it was found in queue for practice.localhost
2026-09-01 15:30:00,141 ERROR scheduler Skipped queueing frappe.automation.doctype.reminder.reminder.send_reminders because it was found in queue for practice.localhost
2026-09-01 15:30:00,146 ERROR scheduler Skipped queueing frappe.integrations.doctype.google_calendar.google_calendar.sync because it was found in queue for practice.localhost
2026-09-01 15:30:00,150 ERROR scheduler Skipped queueing frappe.utils.global_search.sync_global_search because it was found in queue for practice.localhost
2026-09-01 15:30:00,151 ERROR scheduler Skipped queueing scheduler_practice.api.test_worker because it was found in queue for practice.localhost
2026-09-01 15:30:00,153 ERROR scheduler Skipped queueing frappe.email.doctype.email_account.email_account.pull because it was found in queue for practice.localhost
